<html>
<body>
<pre>
<h1>礦ision Build Log</h1>
<h2>Tool Versions:</h2>
IDE-Version: μVision V5.22.0.0
Copyright (C) 2016 ARM Ltd and ARM Germany GmbH. All rights reserved.
License Information: Forsworn Microsoft, Microsoft, LIC=----
 
Tool Versions:
Toolchain:       MDK-Lite  Version: 5.22
Toolchain Path:  E:\KEIL\ARM\ARMCC\Bin
C Compiler:      Armcc.exe V5.06 update 4 (build 422)
Assembler:       Armasm.exe V5.06 update 4 (build 422)
Linker/Locator:  ArmLink.exe V5.06 update 4 (build 422)
Library Manager: ArmAr.exe V5.06 update 4 (build 422)
Hex Converter:   FromElf.exe V5.06 update 4 (build 422)
CPU DLL:         SARMCM3.DLL V5.22
Dialog DLL:      DCM.DLL V1.13.9.0
Target DLL:      lmidk-agdi.dll V???
Dialog DLL:      TCM.DLL V1.21.0.0
 
<h2>Project:</h2>
E:\文档\大二下\学期\嵌入式\ARM实验\3 UART and Interrupts\3.4\exp1.uvprojx
Project File Date:  06/06/2018

<h2>Output:</h2>
*** Using Compiler 'V5.06 update 4 (build 422)', folder: 'E:\KEIL\ARM\ARMCC\Bin'
Build target 'Target 1'
compiling exp3-4.c...
exp3-4.c(204): warning:  #550-D: variable "result"  was set but never used
  	uint8_t result;
exp3-4.c(245): warning:  #550-D: variable "rop"  was set but never used
  	uint8_t value,rop;
exp3-4.c: 2 warnings, 0 errors
linking...
Program Size: Code=4230 RO-data=2018 RW-data=56 ZI-data=688  
FromELF: creating hex file...
".\Objects\exp1.axf" - 0 Error(s), 2 Warning(s).

<h2>Software Packages used:</h2>

Package Vendor: Keil
                http://www.keil.com/pack/Keil.TM4C_DFP.1.1.0.pack
                Keil::Device:Startup:1.0.0
                Texas Instruments Tiva C Series Device Support and Examples
   * Component: Startup Version: 1.0.0

<h2>Collection of Component include folders:</h2>
  E:\文档\大二下\学期\嵌入式\ARM实验\3 UART and Interrupts\3.4\RTE\_Target_1
  E:\KEIL\ARM\PACK\Keil\TM4C_DFP\1.1.0\Device\Include\TM4C129

<h2>Collection of Component Files used:</h2>

   * Component: Keil::Device:Startup:1.0.0
      Include file:  Device\Include\TM4C129\TM4C129.h
      Source file:   Device\Source\ARM\startup_TM4C129.s
      Source file:   Device\Source\system_TM4C129.c
Build Time Elapsed:  00:00:01
</pre>
</body>
</html>
