Component: ARM Compiler 5.06 update 4 (build 422) Tool: armlink [4d35d2]

==============================================================================

Section Cross References

    exp2-1.o(i.I2C0_ReadByte) refers to i2c.o(i.I2CMasterBusy) for I2CMasterBusy
    exp2-1.o(i.I2C0_ReadByte) refers to i2c.o(i.I2CMasterSlaveAddrSet) for I2CMasterSlaveAddrSet
    exp2-1.o(i.I2C0_ReadByte) refers to i2c.o(i.I2CMasterDataPut) for I2CMasterDataPut
    exp2-1.o(i.I2C0_ReadByte) refers to i2c.o(i.I2CMasterControl) for I2CMasterControl
    exp2-1.o(i.I2C0_ReadByte) refers to i2c.o(i.I2CMasterBusBusy) for I2CMasterBusBusy
    exp2-1.o(i.I2C0_ReadByte) refers to i2c.o(i.I2CMasterErr) for I2CMasterErr
    exp2-1.o(i.I2C0_ReadByte) refers to exp2-1.o(i.Delay) for Delay
    exp2-1.o(i.I2C0_ReadByte) refers to i2c.o(i.I2CMasterDataGet) for I2CMasterDataGet
    exp2-1.o(i.I2C0_WriteByte) refers to i2c.o(i.I2CMasterBusy) for I2CMasterBusy
    exp2-1.o(i.I2C0_WriteByte) refers to i2c.o(i.I2CMasterSlaveAddrSet) for I2CMasterSlaveAddrSet
    exp2-1.o(i.I2C0_WriteByte) refers to i2c.o(i.I2CMasterDataPut) for I2CMasterDataPut
    exp2-1.o(i.I2C0_WriteByte) refers to i2c.o(i.I2CMasterControl) for I2CMasterControl
    exp2-1.o(i.I2C0_WriteByte) refers to i2c.o(i.I2CMasterErr) for I2CMasterErr
    exp2-1.o(i.S800_GPIO_Init) refers to sysctl.o(i.SysCtlPeripheralEnable) for SysCtlPeripheralEnable
    exp2-1.o(i.S800_GPIO_Init) refers to sysctl.o(i.SysCtlPeripheralReady) for SysCtlPeripheralReady
    exp2-1.o(i.S800_GPIO_Init) refers to gpio.o(i.GPIOPinTypeGPIOOutput) for GPIOPinTypeGPIOOutput
    exp2-1.o(i.S800_GPIO_Init) refers to gpio.o(i.GPIOPinTypeGPIOInput) for GPIOPinTypeGPIOInput
    exp2-1.o(i.S800_GPIO_Init) refers to gpio.o(i.GPIOPadConfigSet) for GPIOPadConfigSet
    exp2-1.o(i.S800_I2C0_Init) refers to sysctl.o(i.SysCtlPeripheralEnable) for SysCtlPeripheralEnable
    exp2-1.o(i.S800_I2C0_Init) refers to gpio.o(i.GPIOPinConfigure) for GPIOPinConfigure
    exp2-1.o(i.S800_I2C0_Init) refers to gpio.o(i.GPIOPinTypeI2CSCL) for GPIOPinTypeI2CSCL
    exp2-1.o(i.S800_I2C0_Init) refers to gpio.o(i.GPIOPinTypeI2C) for GPIOPinTypeI2C
    exp2-1.o(i.S800_I2C0_Init) refers to i2c.o(i.I2CMasterInitExpClk) for I2CMasterInitExpClk
    exp2-1.o(i.S800_I2C0_Init) refers to exp2-1.o(i.I2C0_WriteByte) for I2C0_WriteByte
    exp2-1.o(i.S800_I2C0_Init) refers to exp2-1.o(.data) for ui32SysClock
    exp2-1.o(i.S800_SYSTICK_Init) refers to systick.o(i.SysTickPeriodSet) for SysTickPeriodSet
    exp2-1.o(i.S800_SYSTICK_Init) refers to systick.o(i.SysTickEnable) for SysTickEnable
    exp2-1.o(i.S800_SYSTICK_Init) refers to systick.o(i.SysTickIntEnable) for SysTickIntEnable
    exp2-1.o(i.S800_SYSTICK_Init) refers to exp2-1.o(.data) for ui32SysClock
    exp2-1.o(i.S800_UART_Init) refers to sysctl.o(i.SysCtlPeripheralEnable) for SysCtlPeripheralEnable
    exp2-1.o(i.S800_UART_Init) refers to sysctl.o(i.SysCtlPeripheralReady) for SysCtlPeripheralReady
    exp2-1.o(i.S800_UART_Init) refers to gpio.o(i.GPIOPinConfigure) for GPIOPinConfigure
    exp2-1.o(i.S800_UART_Init) refers to gpio.o(i.GPIOPinTypeUART) for GPIOPinTypeUART
    exp2-1.o(i.S800_UART_Init) refers to uart.o(i.UARTConfigSetExpClk) for UARTConfigSetExpClk
    exp2-1.o(i.S800_UART_Init) refers to exp2-1.o(i.UARTStringPut) for UARTStringPut
    exp2-1.o(i.S800_UART_Init) refers to interrupt.o(i.IntEnable) for IntEnable
    exp2-1.o(i.S800_UART_Init) refers to uart.o(i.UARTIntEnable) for UARTIntEnable
    exp2-1.o(i.S800_UART_Init) refers to interrupt.o(i.IntPrioritySet) for IntPrioritySet
    exp2-1.o(i.S800_UART_Init) refers to exp2-1.o(.data) for ui32SysClock
    exp2-1.o(i.SysTick_Handler) refers to exp2-1.o(.data) for flag
    exp2-1.o(i.UART0_Handler) refers to uart.o(i.UARTIntStatus) for UARTIntStatus
    exp2-1.o(i.UART0_Handler) refers to uart.o(i.UARTIntClear) for UARTIntClear
    exp2-1.o(i.UART0_Handler) refers to uart.o(i.UARTCharGetNonBlocking) for UARTCharGetNonBlocking
    exp2-1.o(i.UART0_Handler) refers to exp2-1.o(i.Delay) for Delay
    exp2-1.o(i.UART0_Handler) refers to uart.o(i.UARTCharsAvail) for UARTCharsAvail
    exp2-1.o(i.UART0_Handler) refers to strlen.o(.text) for strlen
    exp2-1.o(i.UART0_Handler) refers to exp2-1.o(i.UARTStringPutNonBlocking) for UARTStringPutNonBlocking
    exp2-1.o(i.UART0_Handler) refers to exp2-1.o(.data) for re_char
    exp2-1.o(i.UART0_Handler) refers to exp2-1.o(.bss) for re_string
    exp2-1.o(i.UARTStringPut) refers to uart.o(i.UARTCharPut) for UARTCharPut
    exp2-1.o(i.UARTStringPutNonBlocking) refers to uart.o(i.UARTCharPutNonBlocking) for UARTCharPutNonBlocking
    exp2-1.o(i.main) refers to sysctl.o(i.SysCtlClockFreqSet) for SysCtlClockFreqSet
    exp2-1.o(i.main) refers to exp2-1.o(i.S800_GPIO_Init) for S800_GPIO_Init
    exp2-1.o(i.main) refers to exp2-1.o(i.S800_I2C0_Init) for S800_I2C0_Init
    exp2-1.o(i.main) refers to exp2-1.o(i.S800_SYSTICK_Init) for S800_SYSTICK_Init
[...]
    gpio.o(i.GPIOPinTypeTimer) refers to gpio.o(i.GPIODirModeSet) for GPIODirModeSet
    gpio.o(i.GPIOPinTypeTimer) refers to gpio.o(i.GPIOPadConfigSet) for GPIOPadConfigSet
    gpio.o(i.GPIOPinTypeTrace) refers to gpio.o(i.GPIODirModeSet) for GPIODirModeSet
    gpio.o(i.GPIOPinTypeTrace) refers to gpio.o(i.GPIOPadConfigSet) for GPIOPadConfigSet
    gpio.o(i.GPIOPinTypeUART) refers to gpio.o(i.GPIODirModeSet) for GPIODirModeSet
    gpio.o(i.GPIOPinTypeUART) refers to gpio.o(i.GPIOPadConfigSet) for GPIOPadConfigSet
    gpio.o(i.GPIOPinTypeUSBAnalog) refers to gpio.o(i.GPIODirModeSet) for GPIODirModeSet
    gpio.o(i.GPIOPinTypeUSBAnalog) refers to gpio.o(i.GPIOPadConfigSet) for GPIOPadConfigSet
    gpio.o(i.GPIOPinTypeUSBDigital) refers to gpio.o(i.GPIODirModeSet) for GPIODirModeSet
    gpio.o(i.GPIOPinTypeUSBDigital) refers to gpio.o(i.GPIOPadConfigSet) for GPIOPadConfigSet
    gpio.o(i.GPIOPinTypeWakeHigh) refers to gpio.o(i.GPIODirModeSet) for GPIODirModeSet
    gpio.o(i.GPIOPinTypeWakeHigh) refers to gpio.o(i.GPIOPadConfigSet) for GPIOPadConfigSet
    gpio.o(i.GPIOPinTypeWakeLow) refers to gpio.o(i.GPIODirModeSet) for GPIODirModeSet
    gpio.o(i.GPIOPinTypeWakeLow) refers to gpio.o(i.GPIOPadConfigSet) for GPIOPadConfigSet
    gpio.o(i._GPIOIntNumberGet) refers to gpio.o(.constdata) for .constdata
    i2c.o(i.I2CIntRegister) refers to interrupt.o(i.IntRegister) for IntRegister
    i2c.o(i.I2CIntRegister) refers to interrupt.o(i.IntEnable) for IntEnable
    i2c.o(i.I2CIntRegister) refers to i2c.o(.constdata) for .constdata
    i2c.o(i.I2CIntUnregister) refers to interrupt.o(i.IntDisable) for IntDisable
    i2c.o(i.I2CIntUnregister) refers to interrupt.o(i.IntUnregister) for IntUnregister
    i2c.o(i.I2CIntUnregister) refers to i2c.o(.constdata) for .constdata
    interrupt.o(i.IntDisable) refers to interrupt.o(.constdata) for .constdata
    interrupt.o(i.IntEnable) refers to interrupt.o(.constdata) for .constdata
    interrupt.o(i.IntIsEnabled) refers to interrupt.o(.constdata) for .constdata
    interrupt.o(i.IntMasterDisable) refers to cpu.o(.emb_text) for CPUcpsid
    interrupt.o(i.IntMasterEnable) refers to cpu.o(.emb_text) for CPUcpsie
    interrupt.o(i.IntPendClear) refers to interrupt.o(.constdata) for .constdata
    interrupt.o(i.IntPendSet) refers to interrupt.o(.constdata) for .constdata
    interrupt.o(i.IntPriorityGet) refers to interrupt.o(.constdata) for .constdata
    interrupt.o(i.IntPriorityGroupingGet) refers to interrupt.o(.constdata) for .constdata
    interrupt.o(i.IntPriorityGroupingSet) refers to interrupt.o(.constdata) for .constdata
    interrupt.o(i.IntPriorityMaskGet) refers to cpu.o(.emb_text) for CPUbasepriGet
    interrupt.o(i.IntPriorityMaskSet) refers to cpu.o(.emb_text) for CPUbasepriSet
    interrupt.o(i.IntPrioritySet) refers to interrupt.o(.constdata) for .constdata
    interrupt.o(i.IntRegister) refers to interrupt.o(vtable) for vtable
    interrupt.o(i.IntUnregister) refers to interrupt.o(i._IntDefaultHandler) for _IntDefaultHandler
    interrupt.o(i.IntUnregister) refers to interrupt.o(vtable) for vtable
    sysctl.o(i.SysCtlClockFreqSet) refers to sysctl.o(.constdata) for .constdata
    sysctl.o(i.SysCtlClockGet) refers to sysctl.o(.constdata) for .constdata
    sysctl.o(i.SysCtlClockSet) refers to sysctl.o(.emb_text) for SysCtlDelay
    sysctl.o(i.SysCtlDeepSleep) refers to cpu.o(.emb_text) for CPUwfi
    sysctl.o(i.SysCtlIntRegister) refers to interrupt.o(i.IntRegister) for IntRegister
    sysctl.o(i.SysCtlIntRegister) refers to interrupt.o(i.IntEnable) for IntEnable
    sysctl.o(i.SysCtlIntUnregister) refers to interrupt.o(i.IntDisable) for IntDisable
    sysctl.o(i.SysCtlIntUnregister) refers to interrupt.o(i.IntUnregister) for IntUnregister
    sysctl.o(i.SysCtlSleep) refers to cpu.o(.emb_text) for CPUwfi
    sysctl.o(i.SysCtlVCOGet) refers to sysctl.o(.constdata) for .constdata
    systick.o(i.SysTickIntRegister) refers to interrupt.o(i.IntRegister) for IntRegister
    systick.o(i.SysTickIntUnregister) refers to interrupt.o(i.IntUnregister) for IntUnregister
    uart.o(i.UARTIntRegister) refers to interrupt.o(i.IntRegister) for IntRegister
    uart.o(i.UARTIntRegister) refers to interrupt.o(i.IntEnable) for IntEnable
    uart.o(i.UARTIntRegister) refers to uart.o(.constdata) for .constdata
    uart.o(i.UARTIntUnregister) refers to interrupt.o(i.IntDisable) for IntDisable
    uart.o(i.UARTIntUnregister) refers to interrupt.o(i.IntUnregister) for IntUnregister
    uart.o(i.UARTIntUnregister) refers to uart.o(.constdata) for .constdata
    __main.o(!!!main) refers to __rtentry.o(.ARM.Collect$$rtentry$$00000000) for __rt_entry
    __rtentry.o(.ARM.Collect$$rtentry$$00000000) refers (Special) to __rtentry2.o(.ARM.Collect$$rtentry$$0000000A) for __rt_entry_li
    __rtentry.o(.ARM.Collect$$rtentry$$00000000) refers (Special) to __rtentry2.o(.ARM.Collect$$rtentry$$0000000D) for __rt_entry_main
    __rtentry.o(.ARM.Collect$$rtentry$$00000000) refers (Special) to __rtentry2.o(.ARM.Collect$$rtentry$$0000000C) for __rt_entry_postli_1
    __rtentry.o(.ARM.Collect$$rtentry$$00000000) refers (Special) to __rtentry2.o(.ARM.Collect$$rtentry$$00000009) for __rt_entry_postsh_1
    __rtentry.o(.ARM.Collect$$rtentry$$00000000) refers (Special) to __rtentry2.o(.ARM.Collect$$rtentry$$00000002) for __rt_entry_presh_1
    __rtentry.o(.ARM.Collect$$rtentry$$00000000) refers (Special) to __rtentry4.o(.ARM.Collect$$rtentry$$00000004) for __rt_entry_sh
    __rtentry2.o(.ARM.Collect$$rtentry$$00000008) refers to boardinit2.o(.text) for _platform_post_stackheap_init
    __rtentry2.o(.ARM.Collect$$rtentry$$0000000A) refers to libinit.o(.ARM.Collect$$libinit$$00000000) for __rt_lib_init
    __rtentry2.o(.ARM.Collect$$rtentry$$0000000B) refers to boardinit3.o(.text) for _platform_post_lib_init
    __rtentry2.o(.ARM.Collect$$rtentry$$0000000D) refers to exp2-1.o(i.main) for main
    __rtentry2.o(.ARM.Collect$$rtentry$$0000000D) refers to exit.o(.text) for exit
    __rtentry2.o(.ARM.exidx) refers to __rtentry2.o(.ARM.Collect$$rtentry$$00000001) for .ARM.Collect$$rtentry$$00000001
    __rtentry2.o(.ARM.exidx) refers to __rtentry2.o(.ARM.Collect$$rtentry$$00000008) for .ARM.Collect$$rtentry$$00000008
    __rtentry2.o(.ARM.exidx) refers to __rtentry2.o(.ARM.Collect$$rtentry$$0000000A) for .ARM.Collect$$rtentry$$0000000A
    __rtentry2.o(.ARM.exidx) refers to __rtentry2.o(.ARM.Collect$$rtentry$$0000000B) for .ARM.Collect$$rtentry$$0000000B
    __rtentry2.o(.ARM.exidx) refers to __rtentry2.o(.ARM.Collect$$rtentry$$0000000D) for .ARM.Collect$$rtentry$$0000000D
    __rtentry4.o(.ARM.Collect$$rtentry$$00000004) refers to sys_stackheap_outer.o(.text) for __user_setup_stackheap
    __rtentry4.o(.ARM.exidx) refers to __rtentry4.o(.ARM.Collect$$rtentry$$00000004) for .ARM.Collect$$rtentry$$00000004
    sys_stackheap_outer.o(.text) refers to libspace.o(.text) for __user_perproc_libspace
    sys_stackheap_outer.o(.text) refers to startup_tm4c129.o(.text) for __user_initial_stackheap
    exit.o(.text) refers to rtexit.o(.ARM.Collect$$rtexit$$00000000) for __rt_exit
    libinit.o(.ARM.Collect$$libinit$$00000000) refers (Special) to libinit2.o(.ARM.Collect$$libinit$$0000002E) for __rt_lib_init_alloca_1
    libinit.o(.ARM.Collect$$libinit$$00000000) refers (Special) to libinit2.o(.ARM.Collect$$libinit$$0000002C) for __rt_lib_init_argv_1
    libinit.o(.ARM.Collect$$libinit$$00000000) refers (Special) to libinit2.o(.ARM.Collect$$libinit$$0000001B) for __rt_lib_init_atexit_1
    libinit.o(.ARM.Collect$$libinit$$00000000) refers (Special) to libinit2.o(.ARM.Collect$$libinit$$00000021) for __rt_lib_init_clock_1
    libinit.o(.ARM.Collect$$libinit$$00000000) refers (Special) to libinit2.o(.ARM.Collect$$libinit$$00000032) for __rt_lib_init_cpp_1
    libinit.o(.ARM.Collect$$libinit$$00000000) refers (Special) to libinit2.o(.ARM.Collect$$libinit$$00000030) for __rt_lib_init_exceptions_1
    libinit.o(.ARM.Collect$$libinit$$00000000) refers (Special) to libinit2.o(.ARM.Collect$$libinit$$00000001) for __rt_lib_init_fp_1
    libinit.o(.ARM.Collect$$libinit$$00000000) refers (Special) to libinit2.o(.ARM.Collect$$libinit$$0000001F) for __rt_lib_init_fp_trap_1
    libinit.o(.ARM.Collect$$libinit$$00000000) refers (Special) to libinit2.o(.ARM.Collect$$libinit$$00000023) for __rt_lib_init_getenv_1
    libinit.o(.ARM.Collect$$libinit$$00000000) refers (Special) to libinit2.o(.ARM.Collect$$libinit$$0000000A) for __rt_lib_init_heap_1
    libinit.o(.ARM.Collect$$libinit$$00000000) refers (Special) to libinit2.o(.ARM.Collect$$libinit$$00000011) for __rt_lib_init_lc_collate_1
    libinit.o(.ARM.Collect$$libinit$$00000000) refers (Special) to libinit2.o(.ARM.Collect$$libinit$$00000013) for __rt_lib_init_lc_ctype_1
    libinit.o(.ARM.Collect$$libinit$$00000000) refers (Special) to libinit2.o(.ARM.Collect$$libinit$$00000015) for __rt_lib_init_lc_monetary_1
    libinit.o(.ARM.Collect$$libinit$$00000000) refers (Special) to libinit2.o(.ARM.Collect$$libinit$$00000017) for __rt_lib_init_lc_numeric_1
    libinit.o(.ARM.Collect$$libinit$$00000000) refers (Special) to libinit2.o(.ARM.Collect$$libinit$$00000019) for __rt_lib_init_lc_time_1
    libinit.o(.ARM.Collect$$libinit$$00000000) refers (Special) to libinit2.o(.ARM.Collect$$libinit$$00000004) for __rt_lib_init_preinit_1
    libinit.o(.ARM.Collect$$libinit$$00000000) refers (Special) to libinit2.o(.ARM.Collect$$libinit$$0000000E) for __rt_lib_init_rand_1
    libinit.o(.ARM.Collect$$libinit$$00000000) refers (Special) to libinit2.o(.ARM.Collect$$libinit$$00000033) for __rt_lib_init_return
    libinit.o(.ARM.Collect$$libinit$$00000000) refers (Special) to libinit2.o(.ARM.Collect$$libinit$$0000001D) for __rt_lib_init_signal_1
    libinit.o(.ARM.Collect$$libinit$$00000000) refers (Special) to libinit2.o(.ARM.Collect$$libinit$$00000025) for __rt_lib_init_stdio_1
    libinit.o(.ARM.Collect$$libinit$$00000000) refers (Special) to libinit2.o(.ARM.Collect$$libinit$$0000000C) for __rt_lib_init_user_alloc_1
    libspace.o(.text) refers to libspace.o(.bss) for __libspace_start
    rtexit.o(.ARM.Collect$$rtexit$$00000000) refers (Special) to rtexit2.o(.ARM.Collect$$rtexit$$00000004) for __rt_exit_exit
    rtexit.o(.ARM.Collect$$rtexit$$00000000) refers (Special) to rtexit2.o(.ARM.Collect$$rtexit$$00000003) for __rt_exit_ls
    rtexit.o(.ARM.Collect$$rtexit$$00000000) refers (Special) to rtexit2.o(.ARM.Collect$$rtexit$$00000002) for __rt_exit_prels_1
    rtexit.o(.ARM.exidx) refers (Special) to rtexit2.o(.ARM.Collect$$rtexit$$00000004) for __rt_exit_exit
    rtexit.o(.ARM.exidx) refers (Special) to rtexit2.o(.ARM.Collect$$rtexit$$00000003) for __rt_exit_ls
    rtexit.o(.ARM.exidx) refers (Special) to rtexit2.o(.ARM.Collect$$rtexit$$00000002) for __rt_exit_prels_1
    rtexit.o(.ARM.exidx) refers to rtexit.o(.ARM.Collect$$rtexit$$00000000) for .ARM.Collect$$rtexit$$00000000
    libinit2.o(.ARM.Collect$$libinit$$00000001) refers to fpinit.o(x$fpl$fpinit) for _fp_init
    libinit2.o(.ARM.Collect$$libinit$$00000010) refers to libinit2.o(.ARM.Collect$$libinit$$0000000F) for .ARM.Collect$$libinit$$0000000F
    libinit2.o(.ARM.Collect$$libinit$$00000012) refers to libinit2.o(.ARM.Collect$$libinit$$0000000F) for .ARM.Collect$$libinit$$0000000F
    libinit2.o(.ARM.Collect$$libinit$$00000014) refers to libinit2.o(.ARM.Collect$$libinit$$0000000F) for .ARM.Collect$$libinit$$0000000F
    libinit2.o(.ARM.Collect$$libinit$$00000016) refers to libinit2.o(.ARM.Collect$$libinit$$0000000F) for .ARM.Collect$$libinit$$0000000F
    libinit2.o(.ARM.Collect$$libinit$$00000018) refers to libinit2.o(.ARM.Collect$$libinit$$0000000F) for .ARM.Collect$$libinit$$0000000F
    libinit2.o(.ARM.Collect$$libinit$$00000026) refers to argv_veneer.o(.emb_text) for __ARM_argv_veneer
    libinit2.o(.ARM.Collect$$libinit$$00000027) refers to argv_veneer.o(.emb_text) for __ARM_argv_veneer
    rtexit2.o(.ARM.Collect$$rtexit$$00000003) refers to libshutdown.o(.ARM.Collect$$libshutdown$$00000000) for __rt_lib_shutdown
    rtexit2.o(.ARM.Collect$$rtexit$$00000004) refers to sys_exit.o(.text) for _sys_exit
    rtexit2.o(.ARM.exidx) refers to rtexit2.o(.ARM.Collect$$rtexit$$00000001) for .ARM.Collect$$rtexit$$00000001
    rtexit2.o(.ARM.exidx) refers to rtexit2.o(.ARM.Collect$$rtexit$$00000003) for .ARM.Collect$$rtexit$$00000003
    rtexit2.o(.ARM.exidx) refers to rtexit2.o(.ARM.Collect$$rtexit$$00000004) for .ARM.Collect$$rtexit$$00000004
    argv_veneer.o(.emb_text) refers to no_argv.o(.text) for __ARM_get_argv
    sys_exit.o(.text) refers (Special) to use_no_semi.o(.text) for __I$use$semihosting
    sys_exit.o(.text) refers (Special) to indicate_semi.o(.text) for __semihosting_library_function
    _get_argv_nomalloc.o(.text) refers (Special) to hrguard.o(.text) for __heap_region$guard
    _get_argv_nomalloc.o(.text) refers to defsig_rtmem_outer.o(.text) for __rt_SIGRTMEM
    _get_argv_nomalloc.o(.text) refers to sys_command.o(.text) for _sys_command_string
    libshutdown.o(.ARM.Collect$$libshutdown$$00000000) refers (Special) to libshutdown2.o(.ARM.Collect$$libshutdown$$00000002) for __rt_lib_shutdown_cpp_1
    libshutdown.o(.ARM.Collect$$libshutdown$$00000000) refers (Special) to libshutdown2.o(.ARM.Collect$$libshutdown$$00000007) for __rt_lib_shutdown_fp_trap_1
    libshutdown.o(.ARM.Collect$$libshutdown$$00000000) refers (Special) to libshutdown2.o(.ARM.Collect$$libshutdown$$0000000F) for __rt_lib_shutdown_heap_1
    libshutdown.o(.ARM.Collect$$libshutdown$$00000000) refers (Special) to libshutdown2.o(.ARM.Collect$$libshutdown$$00000010) for __rt_lib_shutdown_return
    libshutdown.o(.ARM.Collect$$libshutdown$$00000000) refers (Special) to libshutdown2.o(.ARM.Collect$$libshutdown$$0000000A) for __rt_lib_shutdown_signal_1
    libshutdown.o(.ARM.Collect$$libshutdown$$00000000) refers (Special) to libshutdown2.o(.ARM.Collect$$libshutdown$$00000004) for __rt_lib_shutdown_stdio_1
    libshutdown.o(.ARM.Collect$$libshutdown$$00000000) refers (Special) to libshutdown2.o(.ARM.Collect$$libshutdown$$0000000C) for __rt_lib_shutdown_user_alloc_1
    sys_command.o(.text) refers (Special) to use_no_semi.o(.text) for __I$use$semihosting
    sys_command.o(.text) refers (Special) to indicate_semi.o(.text) for __semihosting_library_function
    defsig_rtmem_outer.o(.text) refers to defsig_rtmem_inner.o(.text) for __rt_SIGRTMEM_inner
    defsig_rtmem_outer.o(.text) refers to defsig_exit.o(.text) for __sig_exit
    defsig_rtmem_formal.o(.text) refers to rt_raise.o(.text) for __rt_raise
    rt_raise.o(.text) refers to __raise.o(.text) for __raise
    rt_raise.o(.text) refers to sys_exit.o(.text) for _sys_exit
    defsig_exit.o(.text) refers to sys_exit.o(.text) for _sys_exit
    defsig_rtmem_inner.o(.text) refers to defsig_general.o(.text) for __default_signal_display
    __raise.o(.text) refers to defsig.o(CL$$defsig) for __default_signal_handler
    defsig_general.o(.text) refers to sys_wrch.o(.text) for _ttywrch
    sys_wrch.o(.text) refers (Special) to use_no_semi.o(.text) for __I$use$semihosting
    sys_wrch.o(.text) refers (Special) to indicate_semi.o(.text) for __semihosting_library_function
    defsig.o(CL$$defsig) refers to defsig_rtmem_inner.o(.text) for __rt_SIGRTMEM_inner
    defsig_abrt_inner.o(.text) refers to defsig_general.o(.text) for __default_signal_display
    defsig_fpe_inner.o(.text) refers to defsig_general.o(.text) for __default_signal_display
    defsig_rtred_inner.o(.text) refers to defsig_general.o(.text) for __default_signal_display
    defsig_stak_inner.o(.text) refers to defsig_general.o(.text) for __default_signal_display
    defsig_pvfn_inner.o(.text) refers to defsig_general.o(.text) for __default_signal_display
    defsig_cppl_inner.o(.text) refers to defsig_general.o(.text) for __default_signal_display
    defsig_segv_inner.o(.text) refers to defsig_general.o(.text) for __default_signal_display
    defsig_other.o(.text) refers to defsig_general.o(.text) for __default_signal_display


==============================================================================

Removing Unused input sections from the image.

    Removing exp2-1.o(i.I2C0_ReadByte), (132 bytes).
    Removing system_tm4c129.o(.rev16_text), (4 bytes).
    Removing system_tm4c129.o(.revsh_text), (4 bytes).
    Removing system_tm4c129.o(i.SystemCoreClockUpdate), (16 bytes).
    Removing gpio.o(i.GPIOADCTriggerDisable), (14 bytes).
    Removing gpio.o(i.GPIOADCTriggerEnable), (12 bytes).
    Removing gpio.o(i.GPIODMATriggerDisable), (14 bytes).
    Removing gpio.o(i.GPIODMATriggerEnable), (12 bytes).
    Removing gpio.o(i.GPIODirModeGet), (34 bytes).
    Removing gpio.o(i.GPIOIntClear), (6 bytes).
    Removing gpio.o(i.GPIOIntDisable), (14 bytes).
    Removing gpio.o(i.GPIOIntEnable), (12 bytes).
    Removing gpio.o(i.GPIOIntRegister), (26 bytes).
    Removing gpio.o(i.GPIOIntRegisterPin), (30 bytes).
    Removing gpio.o(i.GPIOIntStatus), (14 bytes).
    Removing gpio.o(i.GPIOIntTypeGet), (68 bytes).
    Removing gpio.o(i.GPIOIntTypeSet), (80 bytes).
    Removing gpio.o(i.GPIOIntUnregister), (22 bytes).
    Removing gpio.o(i.GPIOIntUnregisterPin), (26 bytes).
    Removing gpio.o(i.GPIOPadConfigGet), (204 bytes).
    Removing gpio.o(i.GPIOPinTypeADC), (28 bytes).
    Removing gpio.o(i.GPIOPinTypeCAN), (28 bytes).
    Removing gpio.o(i.GPIOPinTypeComparator), (28 bytes).
    Removing gpio.o(i.GPIOPinTypeComparatorOutput), (28 bytes).
    Removing gpio.o(i.GPIOPinTypeDIVSCLK), (28 bytes).
    Removing gpio.o(i.GPIOPinTypeEPI), (28 bytes).
    Removing gpio.o(i.GPIOPinTypeEthernetLED), (28 bytes).
    Removing gpio.o(i.GPIOPinTypeEthernetMII), (28 bytes).
    Removing gpio.o(i.GPIOPinTypeGPIOOutputOD), (28 bytes).
    Removing gpio.o(i.GPIOPinTypeHibernateRTCCLK), (28 bytes).
    Removing gpio.o(i.GPIOPinTypeLCD), (28 bytes).
    Removing gpio.o(i.GPIOPinTypeOneWire), (28 bytes).
    Removing gpio.o(i.GPIOPinTypePWM), (28 bytes).
    Removing gpio.o(i.GPIOPinTypeQEI), (28 bytes).
    Removing gpio.o(i.GPIOPinTypeSSI), (28 bytes).
    Removing gpio.o(i.GPIOPinTypeTimer), (28 bytes).
    Removing gpio.o(i.GPIOPinTypeTrace), (28 bytes).
    Removing gpio.o(i.GPIOPinTypeUSBAnalog), (28 bytes).
    Removing gpio.o(i.GPIOPinTypeUSBDigital), (28 bytes).
    Removing gpio.o(i.GPIOPinTypeWakeHigh), (30 bytes).
    Removing gpio.o(i.GPIOPinTypeWakeLow), (30 bytes).
    Removing gpio.o(i.GPIOPinWakeStatus), (6 bytes).
    Removing gpio.o(i.GPIOPinWrite), (6 bytes).
    Removing gpio.o(i._GPIOIntNumberGet), (80 bytes).
    Removing i2c.o(i.I2CFIFODataGet), (16 bytes).
    Removing i2c.o(i.I2CFIFODataGetNonBlocking), (24 bytes).
    Removing i2c.o(i.I2CFIFODataPut), (16 bytes).
    Removing i2c.o(i.I2CFIFODataPutNonBlocking), (20 bytes).
    Removing i2c.o(i.I2CFIFOStatus), (6 bytes).
    Removing i2c.o(i.I2CIntRegister), (96 bytes).
    Removing i2c.o(i.I2CIntUnregister), (96 bytes).
    Removing i2c.o(i.I2CLoopbackEnable), (10 bytes).
    Removing i2c.o(i.I2CMasterBurstCountGet), (4 bytes).
    Removing i2c.o(i.I2CMasterBurstLengthSet), (4 bytes).
    Removing i2c.o(i.I2CMasterBusBusy), (12 bytes).
    Removing i2c.o(i.I2CMasterDataGet), (4 bytes).
    Removing i2c.o(i.I2CMasterDisable), (10 bytes).
    Removing i2c.o(i.I2CMasterEnable), (10 bytes).
    Removing i2c.o(i.I2CMasterGlitchFilterConfigSet), (84 bytes).
    Removing i2c.o(i.I2CMasterIntClear), (8 bytes).
    Removing i2c.o(i.I2CMasterIntClearEx), (4 bytes).
    Removing i2c.o(i.I2CMasterIntDisable), (6 bytes).
    Removing i2c.o(i.I2CMasterIntDisableEx), (10 bytes).
    Removing i2c.o(i.I2CMasterIntEnable), (6 bytes).
    Removing i2c.o(i.I2CMasterIntEnableEx), (8 bytes).
    Removing i2c.o(i.I2CMasterIntStatus), (24 bytes).
    Removing i2c.o(i.I2CMasterIntStatusEx), (10 bytes).
    Removing i2c.o(i.I2CMasterLineStateGet), (4 bytes).
    Removing i2c.o(i.I2CMasterTimeoutSet), (4 bytes).
    Removing i2c.o(i.I2CRxFIFOConfigSet), (22 bytes).
    Removing i2c.o(i.I2CRxFIFOFlush), (14 bytes).
    Removing i2c.o(i.I2CSlaveACKOverride), (22 bytes).
    Removing i2c.o(i.I2CSlaveACKValueSet), (22 bytes).
    Removing i2c.o(i.I2CSlaveAddressSet), (24 bytes).
    Removing i2c.o(i.I2CSlaveDataGet), (6 bytes).
    Removing i2c.o(i.I2CSlaveDataPut), (6 bytes).
    Removing i2c.o(i.I2CSlaveDisable), (16 bytes).
    Removing i2c.o(i.I2CSlaveEnable), (16 bytes).
    Removing i2c.o(i.I2CSlaveFIFODisable), (8 bytes).
    Removing i2c.o(i.I2CSlaveFIFOEnable), (10 bytes).
    Removing i2c.o(i.I2CSlaveInit), (20 bytes).
    Removing i2c.o(i.I2CSlaveIntClear), (8 bytes).
    Removing i2c.o(i.I2CSlaveIntClearEx), (6 bytes).
    Removing i2c.o(i.I2CSlaveIntDisable), (14 bytes).
    Removing i2c.o(i.I2CSlaveIntDisableEx), (14 bytes).
    Removing i2c.o(i.I2CSlaveIntEnable), (14 bytes).
    Removing i2c.o(i.I2CSlaveIntEnableEx), (12 bytes).
    Removing i2c.o(i.I2CSlaveIntStatus), (28 bytes).
    Removing i2c.o(i.I2CSlaveIntStatusEx), (14 bytes).
    Removing i2c.o(i.I2CSlaveStatus), (6 bytes).
    Removing i2c.o(i.I2CTxFIFOConfigSet), (24 bytes).
    Removing i2c.o(i.I2CTxFIFOFlush), (14 bytes).
    Removing i2c.o(.constdata), (128 bytes).
    Removing interrupt.o(i.IntDisable), (100 bytes).
    Removing interrupt.o(i.IntIsEnabled), (96 bytes).
    Removing interrupt.o(i.IntMasterDisable), (14 bytes).
    Removing interrupt.o(i.IntMasterEnable), (14 bytes).
    Removing interrupt.o(i.IntPendClear), (68 bytes).
    Removing interrupt.o(i.IntPendSet), (84 bytes).
    Removing interrupt.o(i.IntPriorityGet), (28 bytes).
    Removing interrupt.o(i.IntPriorityGroupingGet), (36 bytes).
    Removing interrupt.o(i.IntPriorityGroupingSet), (28 bytes).
    Removing interrupt.o(i.IntPriorityMaskGet), (4 bytes).
    Removing interrupt.o(i.IntPriorityMaskSet), (4 bytes).
    Removing interrupt.o(i.IntRegister), (52 bytes).
    Removing interrupt.o(i.IntTrigger), (12 bytes).
    Removing interrupt.o(i.IntUnregister), (20 bytes).
    Removing interrupt.o(i._IntDefaultHandler), (2 bytes).
    Removing interrupt.o(vtable), (620 bytes).
    Removing sysctl.o(.emb_text), (6 bytes).
    Removing sysctl.o(i.SysCtlAltClkConfig), (12 bytes).
    Removing sysctl.o(i.SysCtlClockGet), (340 bytes).
    Removing sysctl.o(i.SysCtlClockOutConfig), (20 bytes).
    Removing sysctl.o(i.SysCtlClockSet), (288 bytes).
    Removing sysctl.o(i.SysCtlDeepSleep), (32 bytes).
    Removing sysctl.o(i.SysCtlDeepSleepClockConfigSet), (112 bytes).
    Removing sysctl.o(i.SysCtlDeepSleepClockSet), (12 bytes).
    Removing sysctl.o(i.SysCtlDeepSleepPowerSet), (12 bytes).
    Removing sysctl.o(i.SysCtlFlashSectorSizeGet), (56 bytes).
    Removing sysctl.o(i.SysCtlFlashSizeGet), (56 bytes).
    Removing sysctl.o(i.SysCtlGPIOAHBDisable), (28 bytes).
    Removing sysctl.o(i.SysCtlGPIOAHBEnable), (24 bytes).
    Removing sysctl.o(i.SysCtlIntClear), (12 bytes).
    Removing sysctl.o(i.SysCtlIntDisable), (16 bytes).
    Removing sysctl.o(i.SysCtlIntEnable), (16 bytes).
    Removing sysctl.o(i.SysCtlIntRegister), (20 bytes).
    Removing sysctl.o(i.SysCtlIntStatus), (16 bytes).
    Removing sysctl.o(i.SysCtlIntUnregister), (18 bytes).
    Removing sysctl.o(i.SysCtlLDODeepSleepGet), (12 bytes).
    Removing sysctl.o(i.SysCtlLDODeepSleepSet), (12 bytes).
    Removing sysctl.o(i.SysCtlLDOSleepGet), (12 bytes).
    Removing sysctl.o(i.SysCtlLDOSleepSet), (12 bytes).
    Removing sysctl.o(i.SysCtlMOSCConfigSet), (12 bytes).
    Removing sysctl.o(i.SysCtlNMIClear), (16 bytes).
    Removing sysctl.o(i.SysCtlNMIStatus), (12 bytes).
    Removing sysctl.o(i.SysCtlPIOSCCalibrate), (76 bytes).
    Removing sysctl.o(i.SysCtlPWMClockGet), (24 bytes).
    Removing sysctl.o(i.SysCtlPWMClockSet), (20 bytes).
    Removing sysctl.o(i.SysCtlPeripheralClockGating), (68 bytes).
    Removing sysctl.o(i.SysCtlPeripheralDeepSleepDisable), (40 bytes).
    Removing sysctl.o(i.SysCtlPeripheralDeepSleepEnable), (40 bytes).
    Removing sysctl.o(i.SysCtlPeripheralDisable), (40 bytes).
    Removing sysctl.o(i.SysCtlPeripheralPowerOff), (40 bytes).
    Removing sysctl.o(i.SysCtlPeripheralPowerOn), (40 bytes).
    Removing sysctl.o(i.SysCtlPeripheralPresent), (44 bytes).
    Removing sysctl.o(i.SysCtlPeripheralReset), (60 bytes).
    Removing sysctl.o(i.SysCtlPeripheralSleepDisable), (40 bytes).
    Removing sysctl.o(i.SysCtlPeripheralSleepEnable), (40 bytes).
    Removing sysctl.o(i.SysCtlReset), (16 bytes).
    Removing sysctl.o(i.SysCtlResetBehaviorGet), (12 bytes).
    Removing sysctl.o(i.SysCtlResetBehaviorSet), (12 bytes).
    Removing sysctl.o(i.SysCtlResetCauseClear), (16 bytes).
    Removing sysctl.o(i.SysCtlResetCauseGet), (12 bytes).
    Removing sysctl.o(i.SysCtlSRAMSizeGet), (16 bytes).
    Removing sysctl.o(i.SysCtlSleep), (4 bytes).
    Removing sysctl.o(i.SysCtlSleepPowerSet), (12 bytes).
    Removing sysctl.o(i.SysCtlUSBPLLDisable), (16 bytes).
    Removing sysctl.o(i.SysCtlUSBPLLEnable), (16 bytes).
    Removing sysctl.o(i.SysCtlVCOGet), (120 bytes).
    Removing sysctl.o(i.SysCtlVoltageEventClear), (16 bytes).
    Removing sysctl.o(i.SysCtlVoltageEventConfig), (12 bytes).
    Removing sysctl.o(i.SysCtlVoltageEventStatus), (12 bytes).
    Removing systick.o(i.SysTickIntDisable), (14 bytes).
    Removing systick.o(i.SysTickIntRegister), (24 bytes).
    Removing systick.o(i.SysTickIntUnregister), (18 bytes).
    Removing systick.o(i.SysTickValueGet), (8 bytes).
    Removing uart.o(i.UART9BitAddrSend), (38 bytes).
    Removing uart.o(i.UART9BitAddrSet), (10 bytes).
    Removing uart.o(i.UART9BitDisable), (14 bytes).
    Removing uart.o(i.UART9BitEnable), (14 bytes).
    Removing uart.o(i.UARTBreakCtl), (18 bytes).
    Removing uart.o(i.UARTBusy), (8 bytes).
    Removing uart.o(i.UARTCharGet), (12 bytes).
    Removing uart.o(i.UARTClockSourceGet), (6 bytes).
    Removing uart.o(i.UARTClockSourceSet), (6 bytes).
    Removing uart.o(i.UARTConfigGetExpClk), (46 bytes).
    Removing uart.o(i.UARTDMADisable), (10 bytes).
    Removing uart.o(i.UARTDMAEnable), (8 bytes).
    Removing uart.o(i.UARTDisable), (30 bytes).
    Removing uart.o(i.UARTDisableSIR), (10 bytes).
    Removing uart.o(i.UARTEnable), (20 bytes).
    Removing uart.o(i.UARTEnableSIR), (18 bytes).
    Removing uart.o(i.UARTFIFODisable), (10 bytes).
    Removing uart.o(i.UARTFIFOEnable), (10 bytes).
    Removing uart.o(i.UARTFIFOLevelGet), (16 bytes).
    Removing uart.o(i.UARTFIFOLevelSet), (6 bytes).
    Removing uart.o(i.UARTFlowControlGet), (8 bytes).
    Removing uart.o(i.UARTFlowControlSet), (12 bytes).
    Removing uart.o(i.UARTIntDisable), (10 bytes).
    Removing uart.o(i.UARTIntRegister), (88 bytes).
    Removing uart.o(i.UARTIntUnregister), (88 bytes).
    Removing uart.o(i.UARTLoopbackEnable), (10 bytes).
    Removing uart.o(i.UARTModemControlClear), (14 bytes).
    Removing uart.o(i.UARTModemControlGet), (8 bytes).
    Removing uart.o(i.UARTModemControlSet), (12 bytes).
    Removing uart.o(i.UARTModemStatusGet), (10 bytes).
    Removing uart.o(i.UARTParityModeGet), (8 bytes).
    Removing uart.o(i.UARTParityModeSet), (12 bytes).
    Removing uart.o(i.UARTRxErrorClear), (6 bytes).
    Removing uart.o(i.UARTRxErrorGet), (8 bytes).
    Removing uart.o(i.UARTSmartCardDisable), (10 bytes).
    Removing uart.o(i.UARTSmartCardEnable), (22 bytes).
    Removing uart.o(i.UARTSpaceAvail), (10 bytes).
    Removing uart.o(i.UARTTxIntModeGet), (8 bytes).
    Removing uart.o(i.UARTTxIntModeSet), (12 bytes).
    Removing uart.o(.constdata), (128 bytes).
    Removing cpu.o(.emb_text), (38 bytes).

207 unused section(s) (total 6518 bytes) removed from the image.

==============================================================================

Image Symbol Table

    Local Symbols

    Symbol Name                              Value     Ov Type        Size  Object(Section)

    RESET                                    0x00000000   Section      512  startup_tm4c129.o(RESET)
    ../clib/angel/boardlib.s                 0x00000000   Number         0  boardinit3.o ABSOLUTE
    ../clib/angel/boardlib.s                 0x00000000   Number         0  boardshut.o ABSOLUTE
    ../clib/angel/boardlib.s                 0x00000000   Number         0  boardinit2.o ABSOLUTE
    ../clib/angel/boardlib.s                 0x00000000   Number         0  boardinit1.o ABSOLUTE
    ../clib/angel/handlers.s                 0x00000000   Number         0  __scatter_copy.o ABSOLUTE
    ../clib/angel/handlers.s                 0x00000000   Number         0  __scatter_zi.o ABSOLUTE
    ../clib/angel/kernel.s                   0x00000000   Number         0  __rtentry.o ABSOLUTE
    ../clib/angel/kernel.s                   0x00000000   Number         0  rtexit2.o ABSOLUTE
    ../clib/angel/kernel.s                   0x00000000   Number         0  rtexit.o ABSOLUTE
    ../clib/angel/kernel.s                   0x00000000   Number         0  __rtentry4.o ABSOLUTE
    ../clib/angel/kernel.s                   0x00000000   Number         0  __rtentry2.o ABSOLUTE
    ../clib/angel/rt.s                       0x00000000   Number         0  rt_raise.o ABSOLUTE
    ../clib/angel/scatter.s                  0x00000000   Number         0  __scatter.o ABSOLUTE
    ../clib/angel/startup.s                  0x00000000   Number         0  __main.o ABSOLUTE
    ../clib/angel/sys.s                      0x00000000   Number         0  use_no_semi.o ABSOLUTE
    ../clib/angel/sys.s                      0x00000000   Number         0  libspace.o ABSOLUTE
    ../clib/angel/sys.s                      0x00000000   Number         0  indicate_semi.o ABSOLUTE
    ../clib/angel/sys.s                      0x00000000   Number         0  sys_stackheap_outer.o ABSOLUTE
    ../clib/angel/sysapp.c                   0x00000000   Number         0  sys_exit.o ABSOLUTE
    ../clib/angel/sysapp.c                   0x00000000   Number         0  sys_command.o ABSOLUTE
    ../clib/angel/sysapp.c                   0x00000000   Number         0  sys_wrch.o ABSOLUTE
    ../clib/armsys.c                         0x00000000   Number         0  no_argv.o ABSOLUTE
    ../clib/armsys.c                         0x00000000   Number         0  _get_argv_nomalloc.o ABSOLUTE
    ../clib/armsys.c                         0x00000000   Number         0  argv_veneer.o ABSOLUTE
    ../clib/armsys.c                         0x00000000   Number         0  argv_veneer.o ABSOLUTE
    ../clib/heapalloc.c                      0x00000000   Number         0  hrguard.o ABSOLUTE
    ../clib/heapaux.c                        0x00000000   Number         0  heapauxi.o ABSOLUTE
    ../clib/libinit.s                        0x00000000   Number         0  libinit2.o ABSOLUTE
    ../clib/libinit.s                        0x00000000   Number         0  libinit.o ABSOLUTE
    ../clib/libinit.s                        0x00000000   Number         0  libshutdown2.o ABSOLUTE
    ../clib/libinit.s                        0x00000000   Number         0  libshutdown.o ABSOLUTE
    ../clib/signal.c                         0x00000000   Number         0  defsig_rtmem_outer.o ABSOLUTE
    ../clib/signal.c                         0x00000000   Number         0  defsig_segv_inner.o ABSOLUTE
    ../clib/signal.c                         0x00000000   Number         0  defsig_other.o ABSOLUTE
    ../clib/signal.c                         0x00000000   Number         0  defsig_cppl_inner.o ABSOLUTE
    ../clib/signal.c                         0x00000000   Number         0  defsig_pvfn_inner.o ABSOLUTE
    ../clib/signal.c                         0x00000000   Number         0  defsig_stak_inner.o ABSOLUTE
    ../clib/signal.c                         0x00000000   Number         0  defsig_rtred_inner.o ABSOLUTE
    ../clib/signal.c                         0x00000000   Number         0  defsig_fpe_inner.o ABSOLUTE
    ../clib/signal.c                         0x00000000   Number         0  defsig_abrt_inner.o ABSOLUTE
    ../clib/signal.c                         0x00000000   Number         0  defsig_general.o ABSOLUTE
    ../clib/signal.c                         0x00000000   Number         0  __raise.o ABSOLUTE
    ../clib/signal.c                         0x00000000   Number         0  defsig_rtmem_inner.o ABSOLUTE
    ../clib/signal.c                         0x00000000   Number         0  defsig_exit.o ABSOLUTE
    ../clib/signal.c                         0x00000000   Number         0  defsig_rtmem_formal.o ABSOLUTE
    ../clib/signal.s                         0x00000000   Number         0  defsig.o ABSOLUTE
    ../clib/stdlib.c                         0x00000000   Number         0  exit.o ABSOLUTE
    ../clib/string.c                         0x00000000   Number         0  strlen.o ABSOLUTE
    ../fplib/fpinit.s                        0x00000000   Number         0  fpinit.o ABSOLUTE
    RTE\Device\TM4C1294NCPDT\startup_TM4C129.s 0x00000000   Number         0  startup_tm4c129.o ABSOLUTE
    RTE\Device\TM4C1294NCPDT\system_TM4C129.c 0x00000000   Number         0  system_tm4c129.o ABSOLUTE
    RTE\\Device\\TM4C1294NCPDT\\system_TM4C129.c 0x00000000   Number         0  system_tm4c129.o ABSOLUTE
    cpu.c                                    0x00000000   Number         0  cpu.o ABSOLUTE
    cpu.c                                    0x00000000   Number         0  cpu.o ABSOLUTE
    dc.s                                     0x00000000   Number         0  dc.o ABSOLUTE
    exp2-1.c                                 0x00000000   Number         0  exp2-1.o ABSOLUTE
    gpio.c                                   0x00000000   Number         0  gpio.o ABSOLUTE
    i2c.c                                    0x00000000   Number         0  i2c.o ABSOLUTE
    interrupt.c                              0x00000000   Number         0  interrupt.o ABSOLUTE
    sysctl.c                                 0x00000000   Number         0  sysctl.o ABSOLUTE
    sysctl.c                                 0x00000000   Number         0  sysctl.o ABSOLUTE
    systick.c                                0x00000000   Number         0  systick.o ABSOLUTE
    uart.c                                   0x00000000   Number         0  uart.o ABSOLUTE
    !!!main                                  0x00000200   Section        8  __main.o(!!!main)
    !!!scatter                               0x00000208   Section       52  __scatter.o(!!!scatter)
    !!handler_copy                           0x0000023c   Section       26  __scatter_copy.o(!!handler_copy)
    !!handler_zi                             0x00000258   Section       28  __scatter_zi.o(!!handler_zi)
    .ARM.Collect$$libinit$$00000000          0x00000274   Section        2  libinit.o(.ARM.Collect$$libinit$$00000000)
    .ARM.Collect$$libinit$$00000001          0x00000276   Section        4  libinit2.o(.ARM.Collect$$libinit$$00000001)
    .ARM.Collect$$libinit$$00000004          0x0000027a   Section        0  libinit2.o(.ARM.Collect$$libinit$$00000004)
    .ARM.Collect$$libinit$$0000000A          0x0000027a   Section        0  libinit2.o(.ARM.Collect$$libinit$$0000000A)
    .ARM.Collect$$libinit$$0000000C          0x0000027a   Section        0  libinit2.o(.ARM.Collect$$libinit$$0000000C)
    .ARM.Collect$$libinit$$0000000E          0x0000027a   Section        0  libinit2.o(.ARM.Collect$$libinit$$0000000E)
    .ARM.Collect$$libinit$$00000011          0x0000027a   Section        0  libinit2.o(.ARM.Collect$$libinit$$00000011)
    .ARM.Collect$$libinit$$00000013          0x0000027a   Section        0  libinit2.o(.ARM.Collect$$libinit$$00000013)
    .ARM.Collect$$libinit$$00000015          0x0000027a   Section        0  libinit2.o(.ARM.Collect$$libinit$$00000015)
    .ARM.Collect$$libinit$$00000017          0x0000027a   Section        0  libinit2.o(.ARM.Collect$$libinit$$00000017)
    .ARM.Collect$$libinit$$00000019          0x0000027a   Section        0  libinit2.o(.ARM.Collect$$libinit$$00000019)
    .ARM.Collect$$libinit$$0000001B          0x0000027a   Section        0  libinit2.o(.ARM.Collect$$libinit$$0000001B)
    .ARM.Collect$$libinit$$0000001D          0x0000027a   Section        0  libinit2.o(.ARM.Collect$$libinit$$0000001D)
    .ARM.Collect$$libinit$$0000001F          0x0000027a   Section        0  libinit2.o(.ARM.Collect$$libinit$$0000001F)
    .ARM.Collect$$libinit$$00000021          0x0000027a   Section        0  libinit2.o(.ARM.Collect$$libinit$$00000021)
    .ARM.Collect$$libinit$$00000023          0x0000027a   Section        0  libinit2.o(.ARM.Collect$$libinit$$00000023)
    .ARM.Collect$$libinit$$00000025          0x0000027a   Section        0  libinit2.o(.ARM.Collect$$libinit$$00000025)
    .ARM.Collect$$libinit$$0000002C          0x0000027a   Section        0  libinit2.o(.ARM.Collect$$libinit$$0000002C)
    .ARM.Collect$$libinit$$0000002E          0x0000027a   Section        0  libinit2.o(.ARM.Collect$$libinit$$0000002E)
    .ARM.Collect$$libinit$$00000030          0x0000027a   Section        0  libinit2.o(.ARM.Collect$$libinit$$00000030)
    .ARM.Collect$$libinit$$00000032          0x0000027a   Section        0  libinit2.o(.ARM.Collect$$libinit$$00000032)
    .ARM.Collect$$libinit$$00000033          0x0000027a   Section        2  libinit2.o(.ARM.Collect$$libinit$$00000033)
    .ARM.Collect$$libshutdown$$00000000      0x0000027c   Section        2  libshutdown.o(.ARM.Collect$$libshutdown$$00000000)
    .ARM.Collect$$libshutdown$$00000002      0x0000027e   Section        0  libshutdown2.o(.ARM.Collect$$libshutdown$$00000002)
    .ARM.Collect$$libshutdown$$00000004      0x0000027e   Section        0  libshutdown2.o(.ARM.Collect$$libshutdown$$00000004)
    .ARM.Collect$$libshutdown$$00000007      0x0000027e   Section        0  libshutdown2.o(.ARM.Collect$$libshutdown$$00000007)
    .ARM.Collect$$libshutdown$$0000000A      0x0000027e   Section        0  libshutdown2.o(.ARM.Collect$$libshutdown$$0000000A)
    .ARM.Collect$$libshutdown$$0000000C      0x0000027e   Section        0  libshutdown2.o(.ARM.Collect$$libshutdown$$0000000C)
    .ARM.Collect$$libshutdown$$0000000F      0x0000027e   Section        0  libshutdown2.o(.ARM.Collect$$libshutdown$$0000000F)
    .ARM.Collect$$libshutdown$$00000010      0x0000027e   Section        2  libshutdown2.o(.ARM.Collect$$libshutdown$$00000010)
    .ARM.Collect$$rtentry$$00000000          0x00000280   Section        0  __rtentry.o(.ARM.Collect$$rtentry$$00000000)
    .ARM.Collect$$rtentry$$00000002          0x00000280   Section        0  __rtentry2.o(.ARM.Collect$$rtentry$$00000002)
    .ARM.Collect$$rtentry$$00000004          0x00000280   Section        6  __rtentry4.o(.ARM.Collect$$rtentry$$00000004)
    .ARM.Collect$$rtentry$$00000009          0x00000286   Section        0  __rtentry2.o(.ARM.Collect$$rtentry$$00000009)
    .ARM.Collect$$rtentry$$0000000A          0x00000286   Section        4  __rtentry2.o(.ARM.Collect$$rtentry$$0000000A)
    .ARM.Collect$$rtentry$$0000000C          0x0000028a   Section        0  __rtentry2.o(.ARM.Collect$$rtentry$$0000000C)
    .ARM.Collect$$rtentry$$0000000D          0x0000028a   Section        8  __rtentry2.o(.ARM.Collect$$rtentry$$0000000D)
    .ARM.Collect$$rtexit$$00000000           0x00000292   Section        2  rtexit.o(.ARM.Collect$$rtexit$$00000000)
    .ARM.Collect$$rtexit$$00000002           0x00000294   Section        0  rtexit2.o(.ARM.Collect$$rtexit$$00000002)
    .ARM.Collect$$rtexit$$00000003           0x00000294   Section        4  rtexit2.o(.ARM.Collect$$rtexit$$00000003)
    .ARM.Collect$$rtexit$$00000004           0x00000298   Section        6  rtexit2.o(.ARM.Collect$$rtexit$$00000004)
    .text                                    0x000002a0   Section      300  startup_tm4c129.o(.text)
    $v0                                      0x000002a0   Number         0  startup_tm4c129.o(.text)
    .text                                    0x000003cc   Section        0  strlen.o(.text)
    .text                                    0x0000040a   Section        0  heapauxi.o(.text)
    .text                                    0x00000410   Section       74  sys_stackheap_outer.o(.text)
    .text                                    0x0000045a   Section        0  exit.o(.text)
    .text                                    0x0000046c   Section        8  libspace.o(.text)
    .text                                    0x00000474   Section        0  sys_exit.o(.text)
    .text                                    0x00000480   Section        2  use_no_semi.o(.text)
    .text                                    0x00000482   Section        0  indicate_semi.o(.text)
    i.Delay                                  0x00000482   Section        0  exp2-1.o(i.Delay)
    i.GPIODirModeSet                         0x0000048e   Section        0  gpio.o(i.GPIODirModeSet)
    i.GPIOPadConfigSet                       0x000004b6   Section        0  gpio.o(i.GPIOPadConfigSet)
    i.GPIOPinConfigure                       0x000005f0   Section        0  gpio.o(i.GPIOPinConfigure)
    i.GPIOPinRead                            0x00000634   Section        0  gpio.o(i.GPIOPinRead)
    i.GPIOPinTypeGPIOInput                   0x0000063a   Section        0  gpio.o(i.GPIOPinTypeGPIOInput)
    i.GPIOPinTypeGPIOOutput                  0x00000656   Section        0  gpio.o(i.GPIOPinTypeGPIOOutput)
    i.GPIOPinTypeI2C                         0x00000672   Section        0  gpio.o(i.GPIOPinTypeI2C)
    i.GPIOPinTypeI2CSCL                      0x0000068e   Section        0  gpio.o(i.GPIOPinTypeI2CSCL)
    i.GPIOPinTypeUART                        0x000006aa   Section        0  gpio.o(i.GPIOPinTypeUART)
    i.I2C0_WriteByte                         0x000006c8   Section        0  exp2-1.o(i.I2C0_WriteByte)
    i.I2CMasterBusy                          0x00000748   Section        0  i2c.o(i.I2CMasterBusy)
    i.I2CMasterControl                       0x00000754   Section        0  i2c.o(i.I2CMasterControl)
    i.I2CMasterDataPut                       0x00000758   Section        0  i2c.o(i.I2CMasterDataPut)
    i.I2CMasterErr                           0x0000075c   Section        0  i2c.o(i.I2CMasterErr)
    i.I2CMasterInitExpClk                    0x00000774   Section        0  i2c.o(i.I2CMasterInitExpClk)
    i.I2CMasterSlaveAddrSet                  0x000007c8   Section        0  i2c.o(i.I2CMasterSlaveAddrSet)
    i.IntEnable                              0x000007d0   Section        0  interrupt.o(i.IntEnable)
    i.IntPrioritySet                         0x00000834   Section        0  interrupt.o(i.IntPrioritySet)
    i.S800_GPIO_Init                         0x0000085c   Section        0  exp2-1.o(i.S800_GPIO_Init)
    i.S800_I2C0_Init                         0x000008d4   Section        0  exp2-1.o(i.S800_I2C0_Init)
    i.S800_SYSTICK_Init                      0x00000970   Section        0  exp2-1.o(i.S800_SYSTICK_Init)
    i.S800_UART_Init                         0x00000988   Section        0  exp2-1.o(i.S800_UART_Init)
    i.SysCtlClockFreqSet                     0x00000a0c   Section        0  sysctl.o(i.SysCtlClockFreqSet)
    i.SysCtlPeripheralEnable                 0x00000cf0   Section        0  sysctl.o(i.SysCtlPeripheralEnable)
    i.SysCtlPeripheralReady                  0x00000d18   Section        0  sysctl.o(i.SysCtlPeripheralReady)
    i.SysTickDisable                         0x00000d44   Section        0  systick.o(i.SysTickDisable)
    i.SysTickEnable                          0x00000d52   Section        0  systick.o(i.SysTickEnable)
    i.SysTickIntEnable                       0x00000d60   Section        0  systick.o(i.SysTickIntEnable)
    i.SysTickPeriodGet                       0x00000d6e   Section        0  systick.o(i.SysTickPeriodGet)
    i.SysTickPeriodSet                       0x00000d78   Section        0  systick.o(i.SysTickPeriodSet)
    i.SysTick_Handler                        0x00000d84   Section        0  exp2-1.o(i.SysTick_Handler)
    i.SystemInit                             0x00000e1c   Section        0  system_tm4c129.o(i.SystemInit)
    i.UART0_Handler                          0x00000e3c   Section        0  exp2-1.o(i.UART0_Handler)
    i.UARTCharGetNonBlocking                 0x00000fd8   Section        0  uart.o(i.UARTCharGetNonBlocking)
    i.UARTCharPut                            0x00000fe8   Section        0  uart.o(i.UARTCharPut)
    i.UARTCharPutNonBlocking                 0x00000ff4   Section        0  uart.o(i.UARTCharPutNonBlocking)
    i.UARTCharsAvail                         0x00001004   Section        0  uart.o(i.UARTCharsAvail)
    i.UARTConfigSetExpClk                    0x0000100e   Section        0  uart.o(i.UARTConfigSetExpClk)
    i.UARTIntClear                           0x0000107c   Section        0  uart.o(i.UARTIntClear)
    i.UARTIntEnable                          0x00001080   Section        0  uart.o(i.UARTIntEnable)
    i.UARTIntStatus                          0x00001088   Section        0  uart.o(i.UARTIntStatus)
    i.UARTStringPut                          0x00001094   Section        0  exp2-1.o(i.UARTStringPut)
    i.UARTStringPutNonBlocking               0x000010b0   Section        0  exp2-1.o(i.UARTStringPutNonBlocking)
    i.main                                   0x000010cc   Section        0  exp2-1.o(i.main)
    x$fpl$fpinit                             0x000013bc   Section       10  fpinit.o(x$fpl$fpinit)
    $v0                                      0x000013bc   Number         0  fpinit.o(x$fpl$fpinit)
    .constdata                               0x000013c8   Section      552  gpio.o(.constdata)
    g_ppui32GPIOIntMapBlizzard               0x000013c8   Data         192  gpio.o(.constdata)
    g_ppui32GPIOIntMapSnowflake              0x00001488   Data         216  gpio.o(.constdata)
    g_pui32GPIOBaseAddrs                     0x00001560   Data         144  gpio.o(.constdata)
    .constdata                               0x000015f0   Section      268  interrupt.o(.constdata)
    g_pui32Priority                          0x000015f0   Data          32  interrupt.o(.constdata)
    g_pui32Regs                              0x00001610   Data         156  interrupt.o(.constdata)
    g_pui32EnRegs                            0x000016ac   Data          20  interrupt.o(.constdata)
    g_pui32Dii16Regs                         0x000016c0   Data          20  interrupt.o(.constdata)
    g_pui32PendRegs                          0x000016d4   Data          20  interrupt.o(.constdata)
    g_pui32UnpendRegs                        0x000016e8   Data          20  interrupt.o(.constdata)
    .constdata                               0x000016fc   Section      596  sysctl.o(.constdata)
    g_pui32VCOFrequencies                    0x000016fc   Data           8  sysctl.o(.constdata)
    g_pui32Xtals                             0x00001704   Data         108  sysctl.o(.constdata)
    g_pppui32XTALtoVCO                       0x00001770   Data         432  sysctl.o(.constdata)
    g_sXTALtoMEMTIM                          0x00001920   Data          48  sysctl.o(.constdata)
    .conststring                             0x00001950   Section       16  exp2-1.o(.conststring)
    .data                                    0x20000000   Section       64  exp2-1.o(.data)
    .data                                    0x20000040   Section        4  system_tm4c129.o(.data)
    .bss                                     0x20000044   Section       80  exp2-1.o(.bss)
    .bss                                     0x20000094   Section       96  libspace.o(.bss)
    HEAP                                     0x200000f8   Section        0  startup_tm4c129.o(HEAP)
    STACK                                    0x200000f8   Section      512  startup_tm4c129.o(STACK)
    Heap_Mem                                 0x200000f8   Data           0  startup_tm4c129.o(HEAP)
    Stack_Mem                                0x200000f8   Data         512  startup_tm4c129.o(STACK)
    __initial_sp                             0x200002f8   Data           0  startup_tm4c129.o(STACK)

    Global Symbols

    Symbol Name                              Value     Ov Type        Size  Object(Section)

    BuildAttributes$$THM_ISAv4$E$P$D$K$B$S$7EM$VFPi3$EXTD16$VFPS$VFMA$PE$A:L22UL41UL21$X:L11$S22US41US21$IEEE1$IW$USESV6$~STKCKD$USESV7$~SHL$OTIME$ROPI$EBA8$UX$STANDARDLIB$REQ8$PRES8$EABIv2 0x00000000   Number         0  anon$$obj.o ABSOLUTE
    __ARM_use_no_argv                        0x00000000   Number         0  exp2-1.o ABSOLUTE
    __Vectors                                0x00000000   Data           4  startup_tm4c129.o(RESET)
    __ARM_exceptions_init                     - Undefined Weak Reference
    __alloca_initialize                       - Undefined Weak Reference
    __arm_preinit_                            - Undefined Weak Reference
    __cpp_initialize__aeabi_                  - Undefined Weak Reference
    __cxa_finalize                            - Undefined Weak Reference
    __rt_locale                               - Undefined Weak Reference
    __sigvec_lookup                           - Undefined Weak Reference
    _atexit_init                              - Undefined Weak Reference
    _call_atexit_fns                          - Undefined Weak Reference
    _clock_init                               - Undefined Weak Reference
    _fp_trap_init                             - Undefined Weak Reference
    _fp_trap_shutdown                         - Undefined Weak Reference
    _get_lc_collate                           - Undefined Weak Reference
    _get_lc_ctype                             - Undefined Weak Reference
    _get_lc_monetary                          - Undefined Weak Reference
    _get_lc_numeric                           - Undefined Weak Reference
    _get_lc_time                              - Undefined Weak Reference
    _getenv_init                              - Undefined Weak Reference
    _handle_redirection                       - Undefined Weak Reference
    _init_alloc                               - Undefined Weak Reference
    _init_user_alloc                          - Undefined Weak Reference
    _initio                                   - Undefined Weak Reference
    _rand_init                                - Undefined Weak Reference
    _signal_finish                            - Undefined Weak Reference
    _signal_init                              - Undefined Weak Reference
    _terminate_alloc                          - Undefined Weak Reference
    _terminate_user_alloc                     - Undefined Weak Reference
    _terminateio                              - Undefined Weak Reference
    __Vectors_End                            0x00000200   Data           0  startup_tm4c129.o(RESET)
    __Vectors_Size                           0x00000200   Number         0  startup_tm4c129.o ABSOLUTE
    __main                                   0x00000201   Thumb Code     8  __main.o(!!!main)
    __scatterload                            0x00000209   Thumb Code     0  __scatter.o(!!!scatter)
    __scatterload_rt2                        0x00000209   Thumb Code    44  __scatter.o(!!!scatter)
    __scatterload_rt2_thumb_only             0x00000209   Thumb Code     0  __scatter.o(!!!scatter)
    __scatterload_null                       0x00000217   Thumb Code     0  __scatter.o(!!!scatter)
    __scatterload_copy                       0x0000023d   Thumb Code    26  __scatter_copy.o(!!handler_copy)
    __scatterload_zeroinit                   0x00000259   Thumb Code    28  __scatter_zi.o(!!handler_zi)
    __rt_lib_init                            0x00000275   Thumb Code     0  libinit.o(.ARM.Collect$$libinit$$00000000)
    __rt_lib_init_fp_1                       0x00000277   Thumb Code     0  libinit2.o(.ARM.Collect$$libinit$$00000001)
    __rt_lib_init_alloca_1                   0x0000027b   Thumb Code     0  libinit2.o(.ARM.Collect$$libinit$$0000002E)
    __rt_lib_init_argv_1                     0x0000027b   Thumb Code     0  libinit2.o(.ARM.Collect$$libinit$$0000002C)
    __rt_lib_init_atexit_1                   0x0000027b   Thumb Code     0  libinit2.o(.ARM.Collect$$libinit$$0000001B)
    __rt_lib_init_clock_1                    0x0000027b   Thumb Code     0  libinit2.o(.ARM.Collect$$libinit$$00000021)
    __rt_lib_init_cpp_1                      0x0000027b   Thumb Code     0  libinit2.o(.ARM.Collect$$libinit$$00000032)
    __rt_lib_init_exceptions_1               0x0000027b   Thumb Code     0  libinit2.o(.ARM.Collect$$libinit$$00000030)
    __rt_lib_init_fp_trap_1                  0x0000027b   Thumb Code     0  libinit2.o(.ARM.Collect$$libinit$$0000001F)
    __rt_lib_init_getenv_1                   0x0000027b   Thumb Code     0  libinit2.o(.ARM.Collect$$libinit$$00000023)
    __rt_lib_init_heap_1                     0x0000027b   Thumb Code     0  libinit2.o(.ARM.Collect$$libinit$$0000000A)
    __rt_lib_init_lc_collate_1               0x0000027b   Thumb Code     0  libinit2.o(.ARM.Collect$$libinit$$00000011)
    __rt_lib_init_lc_ctype_1                 0x0000027b   Thumb Code     0  libinit2.o(.ARM.Collect$$libinit$$00000013)
    __rt_lib_init_lc_monetary_1              0x0000027b   Thumb Code     0  libinit2.o(.ARM.Collect$$libinit$$00000015)
    __rt_lib_init_lc_numeric_1               0x0000027b   Thumb Code     0  libinit2.o(.ARM.Collect$$libinit$$00000017)
    __rt_lib_init_lc_time_1                  0x0000027b   Thumb Code     0  libinit2.o(.ARM.Collect$$libinit$$00000019)
    __rt_lib_init_preinit_1                  0x0000027b   Thumb Code     0  libinit2.o(.ARM.Collect$$libinit$$00000004)
    __rt_lib_init_rand_1                     0x0000027b   Thumb Code     0  libinit2.o(.ARM.Collect$$libinit$$0000000E)
    __rt_lib_init_return                     0x0000027b   Thumb Code     0  libinit2.o(.ARM.Collect$$libinit$$00000033)
    __rt_lib_init_signal_1                   0x0000027b   Thumb Code     0  libinit2.o(.ARM.Collect$$libinit$$0000001D)
    __rt_lib_init_stdio_1                    0x0000027b   Thumb Code     0  libinit2.o(.ARM.Collect$$libinit$$00000025)
    __rt_lib_init_user_alloc_1               0x0000027b   Thumb Code     0  libinit2.o(.ARM.Collect$$libinit$$0000000C)
    __rt_lib_shutdown                        0x0000027d   Thumb Code     0  libshutdown.o(.ARM.Collect$$libshutdown$$00000000)
    __rt_lib_shutdown_cpp_1                  0x0000027f   Thumb Code     0  libshutdown2.o(.ARM.Collect$$libshutdown$$00000002)
    __rt_lib_shutdown_fp_trap_1              0x0000027f   Thumb Code     0  libshutdown2.o(.ARM.Collect$$libshutdown$$00000007)
    __rt_lib_shutdown_heap_1                 0x0000027f   Thumb Code     0  libshutdown2.o(.ARM.Collect$$libshutdown$$0000000F)
    __rt_lib_shutdown_return                 0x0000027f   Thumb Code     0  libshutdown2.o(.ARM.Collect$$libshutdown$$00000010)
    __rt_lib_shutdown_signal_1               0x0000027f   Thumb Code     0  libshutdown2.o(.ARM.Collect$$libshutdown$$0000000A)
    __rt_lib_shutdown_stdio_1                0x0000027f   Thumb Code     0  libshutdown2.o(.ARM.Collect$$libshutdown$$00000004)
    __rt_lib_shutdown_user_alloc_1           0x0000027f   Thumb Code     0  libshutdown2.o(.ARM.Collect$$libshutdown$$0000000C)
    __rt_entry                               0x00000281   Thumb Code     0  __rtentry.o(.ARM.Collect$$rtentry$$00000000)
    __rt_entry_presh_1                       0x00000281   Thumb Code     0  __rtentry2.o(.ARM.Collect$$rtentry$$00000002)
    __rt_entry_sh                            0x00000281   Thumb Code     0  __rtentry4.o(.ARM.Collect$$rtentry$$00000004)
    __rt_entry_li                            0x00000287   Thumb Code     0  __rtentry2.o(.ARM.Collect$$rtentry$$0000000A)
    __rt_entry_postsh_1                      0x00000287   Thumb Code     0  __rtentry2.o(.ARM.Collect$$rtentry$$00000009)
    __rt_entry_main                          0x0000028b   Thumb Code     0  __rtentry2.o(.ARM.Collect$$rtentry$$0000000D)
    __rt_entry_postli_1                      0x0000028b   Thumb Code     0  __rtentry2.o(.ARM.Collect$$rtentry$$0000000C)
    __rt_exit                                0x00000293   Thumb Code     0  rtexit.o(.ARM.Collect$$rtexit$$00000000)
    __rt_exit_ls                             0x00000295   Thumb Code     0  rtexit2.o(.ARM.Collect$$rtexit$$00000003)
    __rt_exit_prels_1                        0x00000295   Thumb Code     0  rtexit2.o(.ARM.Collect$$rtexit$$00000002)
    __rt_exit_exit                           0x00000299   Thumb Code     0  rtexit2.o(.ARM.Collect$$rtexit$$00000004)
    Reset_Handler                            0x000002a1   Thumb Code     8  startup_tm4c129.o(.text)
    NMI_Handler                              0x000002a9   Thumb Code     2  startup_tm4c129.o(.text)
    HardFault_Handler                        0x000002ab   Thumb Code     2  startup_tm4c129.o(.text)
    MemManage_Handler                        0x000002ad   Thumb Code     2  startup_tm4c129.o(.text)
    BusFault_Handler                         0x000002af   Thumb Code     2  startup_tm4c129.o(.text)
    UsageFault_Handler                       0x000002b1   Thumb Code     2  startup_tm4c129.o(.text)
    SVC_Handler                              0x000002b3   Thumb Code     2  startup_tm4c129.o(.text)
    DebugMon_Handler                         0x000002b5   Thumb Code     2  startup_tm4c129.o(.text)
    PendSV_Handler                           0x000002b7   Thumb Code     2  startup_tm4c129.o(.text)
    GPIOA_Handler                            0x000002bb   Thumb Code     2  startup_tm4c129.o(.text)
    GPIOB_Handler                            0x000002bd   Thumb Code     2  startup_tm4c129.o(.text)
    GPIOC_Handler                            0x000002bf   Thumb Code     2  startup_tm4c129.o(.text)
    GPIOD_Handler                            0x000002c1   Thumb Code     2  startup_tm4c129.o(.text)
    GPIOE_Handler                            0x000002c3   Thumb Code     2  startup_tm4c129.o(.text)
    UART1_Handler                            0x000002c7   Thumb Code     2  startup_tm4c129.o(.text)
    SSI0_Handler                             0x000002c9   Thumb Code     2  startup_tm4c129.o(.text)
    I2C0_Handler                             0x000002cb   Thumb Code     2  startup_tm4c129.o(.text)
    PMW0_FAULT_Handler                       0x000002cd   Thumb Code     2  startup_tm4c129.o(.text)
    PWM0_0_Handler                           0x000002cf   Thumb Code     2  startup_tm4c129.o(.text)
    PWM0_1_Handler                           0x000002d1   Thumb Code     2  startup_tm4c129.o(.text)
    PWM0_2_Handler                           0x000002d3   Thumb Code     2  startup_tm4c129.o(.text)
    QEI0_Handler                             0x000002d5   Thumb Code     2  startup_tm4c129.o(.text)
    ADC0SS0_Handler                          0x000002d7   Thumb Code     2  startup_tm4c129.o(.text)
    ADC0SS1_Handler                          0x000002d9   Thumb Code     2  startup_tm4c129.o(.text)
    ADC0SS2_Handler                          0x000002db   Thumb Code     2  startup_tm4c129.o(.text)
    ADC0SS3_Handler                          0x000002dd   Thumb Code     2  startup_tm4c129.o(.text)
    WDT0_Handler                             0x000002df   Thumb Code     2  startup_tm4c129.o(.text)
    TIMER0A_Handler                          0x000002e1   Thumb Code     2  startup_tm4c129.o(.text)
    TIMER0B_Handler                          0x000002e3   Thumb Code     2  startup_tm4c129.o(.text)
    TIMER1A_Handler                          0x000002e5   Thumb Code     2  startup_tm4c129.o(.text)
    TIMER1B_Handler                          0x000002e7   Thumb Code     2  startup_tm4c129.o(.text)
    TIMER2A_Handler                          0x000002e9   Thumb Code     2  startup_tm4c129.o(.text)
    TIMER2B_Handler                          0x000002eb   Thumb Code     2  startup_tm4c129.o(.text)
    COMP0_Handler                            0x000002ed   Thumb Code     2  startup_tm4c129.o(.text)
    COMP1_Handler                            0x000002ef   Thumb Code     2  startup_tm4c129.o(.text)
    COMP2_Handler                            0x000002f1   Thumb Code     2  startup_tm4c129.o(.text)
    SYSCTL_Handler                           0x000002f3   Thumb Code     2  startup_tm4c129.o(.text)
    FLASH_Handler                            0x000002f5   Thumb Code     2  startup_tm4c129.o(.text)
    GPIOF_Handler                            0x000002f7   Thumb Code     2  startup_tm4c129.o(.text)
    GPIOG_Handler                            0x000002f9   Thumb Code     2  startup_tm4c129.o(.text)
    GPIOH_Handler                            0x000002fb   Thumb Code     2  startup_tm4c129.o(.text)
    UART2_Handler                            0x000002fd   Thumb Code     2  startup_tm4c129.o(.text)
    SSI1_Handler                             0x000002ff   Thumb Code     2  startup_tm4c129.o(.text)
    TIMER3A_Handler                          0x00000301   Thumb Code     2  startup_tm4c129.o(.text)
    TIMER3B_Handler                          0x00000303   Thumb Code     2  startup_tm4c129.o(.text)
    I2C1_Handler                             0x00000305   Thumb Code     2  startup_tm4c129.o(.text)
    CAN0_Handler                             0x00000307   Thumb Code     2  startup_tm4c129.o(.text)
    CAN1_Handler                             0x00000309   Thumb Code     2  startup_tm4c129.o(.text)
    ETH_Handler                              0x0000030b   Thumb Code     2  startup_tm4c129.o(.text)
    HIB_Handler                              0x0000030d   Thumb Code     2  startup_tm4c129.o(.text)
    USB0_Handler                             0x0000030f   Thumb Code     2  startup_tm4c129.o(.text)
    PWM0_3_Handler                           0x00000311   Thumb Code     2  startup_tm4c129.o(.text)
    UDMA_Handler                             0x00000313   Thumb Code     2  startup_tm4c129.o(.text)
    UDMAERR_Handler                          0x00000315   Thumb Code     2  startup_tm4c129.o(.text)
    ADC1SS0_Handler                          0x00000317   Thumb Code     2  startup_tm4c129.o(.text)
    ADC1SS1_Handler                          0x00000319   Thumb Code     2  startup_tm4c129.o(.text)
    ADC1SS2_Handler                          0x0000031b   Thumb Code     2  startup_tm4c129.o(.text)
    ADC1SS3_Handler                          0x0000031d   Thumb Code     2  startup_tm4c129.o(.text)
    EBI0_Handler                             0x0000031f   Thumb Code     2  startup_tm4c129.o(.text)
    GPIOJ_Handler                            0x00000321   Thumb Code     2  startup_tm4c129.o(.text)
    GPIOK_Handler                            0x00000323   Thumb Code     2  startup_tm4c129.o(.text)
    GPIOL_Handler                            0x00000325   Thumb Code     2  startup_tm4c129.o(.text)
    SSI2_Handler                             0x00000327   Thumb Code     2  startup_tm4c129.o(.text)
    SSI3_Handler                             0x00000329   Thumb Code     2  startup_tm4c129.o(.text)
    UART3_Handler                            0x0000032b   Thumb Code     2  startup_tm4c129.o(.text)
    UART4_Handler                            0x0000032d   Thumb Code     2  startup_tm4c129.o(.text)
    UART5_Handler                            0x0000032f   Thumb Code     2  startup_tm4c129.o(.text)
    UART6_Handler                            0x00000331   Thumb Code     2  startup_tm4c129.o(.text)
    UART7_Handler                            0x00000333   Thumb Code     2  startup_tm4c129.o(.text)
    I2C2_Handler                             0x00000335   Thumb Code     2  startup_tm4c129.o(.text)
    I2C3_Handler                             0x00000337   Thumb Code     2  startup_tm4c129.o(.text)
    TIMER4A_Handler                          0x00000339   Thumb Code     2  startup_tm4c129.o(.text)
    TIMER4B_Handler                          0x0000033b   Thumb Code     2  startup_tm4c129.o(.text)
    TIMER5A_Handler                          0x0000033d   Thumb Code     2  startup_tm4c129.o(.text)
    TIMER5B_Handler                          0x0000033f   Thumb Code     2  startup_tm4c129.o(.text)
    WTIMER0A_Handler                         0x00000341   Thumb Code     2  startup_tm4c129.o(.text)
    WTIMER0B_Handler                         0x00000343   Thumb Code     2  startup_tm4c129.o(.text)
    WTIMER1A_Handler                         0x00000345   Thumb Code     2  startup_tm4c129.o(.text)
    WTIMER1B_Handler                         0x00000347   Thumb Code     2  startup_tm4c129.o(.text)
    WTIMER2A_Handler                         0x00000349   Thumb Code     2  startup_tm4c129.o(.text)
    WTIMER2B_Handler                         0x0000034b   Thumb Code     2  startup_tm4c129.o(.text)
    WTIMER3A_Handler                         0x0000034d   Thumb Code     2  startup_tm4c129.o(.text)
    WTIMER3B_Handler                         0x0000034f   Thumb Code     2  startup_tm4c129.o(.text)
    WTIMER4A_Handler                         0x00000351   Thumb Code     2  startup_tm4c129.o(.text)
    WTIMER4B_Handler                         0x00000353   Thumb Code     2  startup_tm4c129.o(.text)
    WTIMER5A_Handler                         0x00000355   Thumb Code     2  startup_tm4c129.o(.text)
    WTIMER5B_Handler                         0x00000357   Thumb Code     2  startup_tm4c129.o(.text)
    FPU_Handler                              0x00000359   Thumb Code     2  startup_tm4c129.o(.text)
    I2C4_Handler                             0x0000035b   Thumb Code     2  startup_tm4c129.o(.text)
    I2C5_Handler                             0x0000035d   Thumb Code     2  startup_tm4c129.o(.text)
    GPIOM_Handler                            0x0000035f   Thumb Code     2  startup_tm4c129.o(.text)
    GPION_Handler                            0x00000361   Thumb Code     2  startup_tm4c129.o(.text)
    TAMPER_Handler                           0x00000363   Thumb Code     2  startup_tm4c129.o(.text)
    GPIOP0_Handler                           0x00000365   Thumb Code     2  startup_tm4c129.o(.text)
    GPIOP1_Handler                           0x00000367   Thumb Code     2  startup_tm4c129.o(.text)
    GPIOP2_Handler                           0x00000369   Thumb Code     2  startup_tm4c129.o(.text)
    GPIOP3_Handler                           0x0000036b   Thumb Code     2  startup_tm4c129.o(.text)
    GPIOP4_Handler                           0x0000036d   Thumb Code     2  startup_tm4c129.o(.text)
    GPIOP5_Handler                           0x0000036f   Thumb Code     2  startup_tm4c129.o(.text)
    GPIOP6_Handler                           0x00000371   Thumb Code     2  startup_tm4c129.o(.text)
    GPIOP7_Handler                           0x00000373   Thumb Code     2  startup_tm4c129.o(.text)
    GPIOQ0_Handler                           0x00000375   Thumb Code     2  startup_tm4c129.o(.text)
    GPIOQ1_Handler                           0x00000377   Thumb Code     2  startup_tm4c129.o(.text)
    GPIOQ2_Handler                           0x00000379   Thumb Code     2  startup_tm4c129.o(.text)
    GPIOQ3_Handler                           0x0000037b   Thumb Code     2  startup_tm4c129.o(.text)
    GPIOQ4_Handler                           0x0000037d   Thumb Code     2  startup_tm4c129.o(.text)
    GPIOQ5_Handler                           0x0000037f   Thumb Code     2  startup_tm4c129.o(.text)
    GPIOQ6_Handler                           0x00000381   Thumb Code     2  startup_tm4c129.o(.text)
    GPIOQ7_Handler                           0x00000383   Thumb Code     2  startup_tm4c129.o(.text)
    GPIOR_Handler                            0x00000385   Thumb Code     2  startup_tm4c129.o(.text)
    GPIOS_Handler                            0x00000387   Thumb Code     2  startup_tm4c129.o(.text)
    SHAMD5_Handler                           0x00000389   Thumb Code     2  startup_tm4c129.o(.text)
    AES_Handler                              0x0000038b   Thumb Code     2  startup_tm4c129.o(.text)
    DES3DES_Handler                          0x0000038d   Thumb Code     2  startup_tm4c129.o(.text)
    LCDCONTROLLER_Handler                    0x0000038f   Thumb Code     2  startup_tm4c129.o(.text)
    TIMER6A_Handler                          0x00000391   Thumb Code     2  startup_tm4c129.o(.text)
    TIMER6B_Handler                          0x00000393   Thumb Code     2  startup_tm4c129.o(.text)
    TIMER7A_Handler                          0x00000395   Thumb Code     2  startup_tm4c129.o(.text)
    TIMER7B_Handler                          0x00000397   Thumb Code     2  startup_tm4c129.o(.text)
    I2C6_Handler                             0x00000399   Thumb Code     2  startup_tm4c129.o(.text)
    I2C7_Handler                             0x0000039b   Thumb Code     2  startup_tm4c129.o(.text)
    HIMSCANKEYBOARD_Handler                  0x0000039d   Thumb Code     2  startup_tm4c129.o(.text)
    ONEWIRE_Handler                          0x0000039f   Thumb Code     2  startup_tm4c129.o(.text)
    HIMPS2_Handler                           0x000003a1   Thumb Code     2  startup_tm4c129.o(.text)
    HIMLEDSEQUENCER_Handler                  0x000003a3   Thumb Code     2  startup_tm4c129.o(.text)
    HIMCONSUMERIR_Handler                    0x000003a5   Thumb Code     2  startup_tm4c129.o(.text)
    I2C8_Handler                             0x000003a7   Thumb Code     2  startup_tm4c129.o(.text)
    I2C9_Handler                             0x000003a9   Thumb Code     2  startup_tm4c129.o(.text)
    GPIOT_Handler                            0x000003ab   Thumb Code     2  startup_tm4c129.o(.text)
    __user_initial_stackheap                 0x000003ad   Thumb Code     0  startup_tm4c129.o(.text)
    strlen                                   0x000003cd   Thumb Code    62  strlen.o(.text)
    __use_two_region_memory                  0x0000040b   Thumb Code     2  heapauxi.o(.text)
    __rt_heap_escrow$2region                 0x0000040d   Thumb Code     2  heapauxi.o(.text)
    __rt_heap_expand$2region                 0x0000040f   Thumb Code     2  heapauxi.o(.text)
    __user_setup_stackheap                   0x00000411   Thumb Code    74  sys_stackheap_outer.o(.text)
    exit                                     0x0000045b   Thumb Code    18  exit.o(.text)
    __user_libspace                          0x0000046d   Thumb Code     8  libspace.o(.text)
    __user_perproc_libspace                  0x0000046d   Thumb Code     0  libspace.o(.text)
    __user_perthread_libspace                0x0000046d   Thumb Code     0  libspace.o(.text)
    _sys_exit                                0x00000475   Thumb Code     8  sys_exit.o(.text)
    __I$use$semihosting                      0x00000481   Thumb Code     0  use_no_semi.o(.text)
    __use_no_semihosting_swi                 0x00000481   Thumb Code     2  use_no_semi.o(.text)
    Delay                                    0x00000483   Thumb Code    12  exp2-1.o(i.Delay)
    __semihosting_library_function           0x00000483   Thumb Code     0  indicate_semi.o(.text)
    GPIODirModeSet                           0x0000048f   Thumb Code    40  gpio.o(i.GPIODirModeSet)
    GPIOPadConfigSet                         0x000004b7   Thumb Code   312  gpio.o(i.GPIOPadConfigSet)
    GPIOPinConfigure                         0x000005f1   Thumb Code    60  gpio.o(i.GPIOPinConfigure)
    GPIOPinRead                              0x00000635   Thumb Code     6  gpio.o(i.GPIOPinRead)
    GPIOPinTypeGPIOInput                     0x0000063b   Thumb Code    28  gpio.o(i.GPIOPinTypeGPIOInput)
    GPIOPinTypeGPIOOutput                    0x00000657   Thumb Code    28  gpio.o(i.GPIOPinTypeGPIOOutput)
    GPIOPinTypeI2C                           0x00000673   Thumb Code    28  gpio.o(i.GPIOPinTypeI2C)
    GPIOPinTypeI2CSCL                        0x0000068f   Thumb Code    28  gpio.o(i.GPIOPinTypeI2CSCL)
    GPIOPinTypeUART                          0x000006ab   Thumb Code    28  gpio.o(i.GPIOPinTypeUART)
    I2C0_WriteByte                           0x000006c9   Thumb Code   124  exp2-1.o(i.I2C0_WriteByte)
    I2CMasterBusy                            0x00000749   Thumb Code    12  i2c.o(i.I2CMasterBusy)
    I2CMasterControl                         0x00000755   Thumb Code     4  i2c.o(i.I2CMasterControl)
    I2CMasterDataPut                         0x00000759   Thumb Code     4  i2c.o(i.I2CMasterDataPut)
    I2CMasterErr                             0x0000075d   Thumb Code    24  i2c.o(i.I2CMasterErr)
    I2CMasterInitExpClk                      0x00000775   Thumb Code    72  i2c.o(i.I2CMasterInitExpClk)
    I2CMasterSlaveAddrSet                    0x000007c9   Thumb Code     8  i2c.o(i.I2CMasterSlaveAddrSet)
    IntEnable                                0x000007d1   Thumb Code    92  interrupt.o(i.IntEnable)
    IntPrioritySet                           0x00000835   Thumb Code    36  interrupt.o(i.IntPrioritySet)
    S800_GPIO_Init                           0x0000085d   Thumb Code   102  exp2-1.o(i.S800_GPIO_Init)
    S800_I2C0_Init                           0x000008d5   Thumb Code   126  exp2-1.o(i.S800_I2C0_Init)
    S800_SYSTICK_Init                        0x00000971   Thumb Code    20  exp2-1.o(i.S800_SYSTICK_Init)
    S800_UART_Init                           0x00000989   Thumb Code    96  exp2-1.o(i.S800_UART_Init)
    SysCtlClockFreqSet                       0x00000a0d   Thumb Code   700  sysctl.o(i.SysCtlClockFreqSet)
    SysCtlPeripheralEnable                   0x00000cf1   Thumb Code    36  sysctl.o(i.SysCtlPeripheralEnable)
    SysCtlPeripheralReady                    0x00000d19   Thumb Code    40  sysctl.o(i.SysCtlPeripheralReady)
    SysTickDisable                           0x00000d45   Thumb Code    14  systick.o(i.SysTickDisable)
    SysTickEnable                            0x00000d53   Thumb Code    14  systick.o(i.SysTickEnable)
    SysTickIntEnable                         0x00000d61   Thumb Code    14  systick.o(i.SysTickIntEnable)
    SysTickPeriodGet                         0x00000d6f   Thumb Code    10  systick.o(i.SysTickPeriodGet)
    SysTickPeriodSet                         0x00000d79   Thumb Code    10  systick.o(i.SysTickPeriodSet)
    SysTick_Handler                          0x00000d85   Thumb Code   122  exp2-1.o(i.SysTick_Handler)
    SystemInit                               0x00000e1d   Thumb Code    20  system_tm4c129.o(i.SystemInit)
    UART0_Handler                            0x00000e3d   Thumb Code   382  exp2-1.o(i.UART0_Handler)
    UARTCharGetNonBlocking                   0x00000fd9   Thumb Code    16  uart.o(i.UARTCharGetNonBlocking)
    UARTCharPut                              0x00000fe9   Thumb Code    12  uart.o(i.UARTCharPut)
    UARTCharPutNonBlocking                   0x00000ff5   Thumb Code    16  uart.o(i.UARTCharPutNonBlocking)
    UARTCharsAvail                           0x00001005   Thumb Code    10  uart.o(i.UARTCharsAvail)
    UARTConfigSetExpClk                      0x0000100f   Thumb Code   110  uart.o(i.UARTConfigSetExpClk)
    UARTIntClear                             0x0000107d   Thumb Code     4  uart.o(i.UARTIntClear)
    UARTIntEnable                            0x00001081   Thumb Code     8  uart.o(i.UARTIntEnable)
    UARTIntStatus                            0x00001089   Thumb Code    10  uart.o(i.UARTIntStatus)
    UARTStringPut                            0x00001095   Thumb Code    24  exp2-1.o(i.UARTStringPut)
    UARTStringPutNonBlocking                 0x000010b1   Thumb Code    24  exp2-1.o(i.UARTStringPutNonBlocking)
    main                                     0x000010cd   Thumb Code   690  exp2-1.o(i.main)
    _fp_init                                 0x000013bd   Thumb Code    10  fpinit.o(x$fpl$fpinit)
    __fplib_config_fpu_vfp                   0x000013c5   Thumb Code     0  fpinit.o(x$fpl$fpinit)
    __fplib_config_pureend_doubles           0x000013c5   Thumb Code     0  fpinit.o(x$fpl$fpinit)
    Region$$Table$$Base                      0x00001960   Number         0  anon$$obj.o(Region$$Table)
    Region$$Table$$Limit                     0x00001980   Number         0  anon$$obj.o(Region$$Table)
    result                                   0x20000000   Data           1  exp2-1.o(.data)
    ui32SysClock                             0x20000004   Data           4  exp2-1.o(.data)
    seg7                                     0x20000008   Data          17  exp2-1.o(.data)
    segHH                                    0x20000019   Data           1  exp2-1.o(.data)
    segH                                     0x2000001a   Data           2  exp2-1.o(.data)
    segMM                                    0x2000001c   Data           4  exp2-1.o(.data)
    segM                                     0x20000020   Data           4  exp2-1.o(.data)
    segSS                                    0x20000024   Data           4  exp2-1.o(.data)
    segS                                     0x20000028   Data           4  exp2-1.o(.data)
    prev1                                    0x2000002c   Data           1  exp2-1.o(.data)
    now1                                     0x2000002d   Data           1  exp2-1.o(.data)
    prev2                                    0x2000002e   Data           1  exp2-1.o(.data)
    now2                                     0x2000002f   Data           1  exp2-1.o(.data)
    flag                                     0x20000030   Data           1  exp2-1.o(.data)
    re_char                                  0x20000031   Data           1  exp2-1.o(.data)
    GETTIME                                  0x20000034   Data           4  exp2-1.o(.data)
    SET                                      0x20000038   Data           4  exp2-1.o(.data)
    INC                                      0x2000003c   Data           4  exp2-1.o(.data)
    SystemCoreClock                          0x20000040   Data           4  system_tm4c129.o(.data)
    re_string                                0x20000044   Data          80  exp2-1.o(.bss)
    __libspace_start                         0x20000094   Data          96  libspace.o(.bss)
    __temporary_stack_top$libspace           0x200000f4   Data           0  libspace.o(.bss)



==============================================================================

Memory Map of the image

  Image Entry point : 0x000002a1

  Load Region LR_1 (Base: 0x00000000, Size: 0x000019c4, Max: 0xffffffff, ABSOLUTE)

    Execution Region ER_RO (Base: 0x00000000, Size: 0x00001980, Max: 0xffffffff, ABSOLUTE)

    Base Addr    Size         Type   Attr      Idx    E Section Name        Object

    0x00000000   0x00000200   Data   RO          136    RESET               startup_tm4c129.o
    0x00000200   0x00000008   Code   RO         1699  * !!!main             c_w.l(__main.o)
    0x00000208   0x00000034   Code   RO         1856    !!!scatter          c_w.l(__scatter.o)
    0x0000023c   0x0000001a   Code   RO         1858    !!handler_copy      c_w.l(__scatter_copy.o)
    0x00000256   0x00000002   PAD
    0x00000258   0x0000001c   Code   RO         1860    !!handler_zi        c_w.l(__scatter_zi.o)
    0x00000274   0x00000002   Code   RO         1726    .ARM.Collect$$libinit$$00000000  c_w.l(libinit.o)
    0x00000276   0x00000004   Code   RO         1732    .ARM.Collect$$libinit$$00000001  c_w.l(libinit2.o)
    0x0000027a   0x00000000   Code   RO         1735    .ARM.Collect$$libinit$$00000004  c_w.l(libinit2.o)
    0x0000027a   0x00000000   Code   RO         1738    .ARM.Collect$$libinit$$0000000A  c_w.l(libinit2.o)
    0x0000027a   0x00000000   Code   RO         1740    .ARM.Collect$$libinit$$0000000C  c_w.l(libinit2.o)
    0x0000027a   0x00000000   Code   RO         1742    .ARM.Collect$$libinit$$0000000E  c_w.l(libinit2.o)
    0x0000027a   0x00000000   Code   RO         1745    .ARM.Collect$$libinit$$00000011  c_w.l(libinit2.o)
    0x0000027a   0x00000000   Code   RO         1747    .ARM.Collect$$libinit$$00000013  c_w.l(libinit2.o)
    0x0000027a   0x00000000   Code   RO         1749    .ARM.Collect$$libinit$$00000015  c_w.l(libinit2.o)
    0x0000027a   0x00000000   Code   RO         1751    .ARM.Collect$$libinit$$00000017  c_w.l(libinit2.o)
    0x0000027a   0x00000000   Code   RO         1753    .ARM.Collect$$libinit$$00000019  c_w.l(libinit2.o)
    0x0000027a   0x00000000   Code   RO         1755    .ARM.Collect$$libinit$$0000001B  c_w.l(libinit2.o)
    0x0000027a   0x00000000   Code   RO         1757    .ARM.Collect$$libinit$$0000001D  c_w.l(libinit2.o)
    0x0000027a   0x00000000   Code   RO         1759    .ARM.Collect$$libinit$$0000001F  c_w.l(libinit2.o)
    0x0000027a   0x00000000   Code   RO         1761    .ARM.Collect$$libinit$$00000021  c_w.l(libinit2.o)
    0x0000027a   0x00000000   Code   RO         1763    .ARM.Collect$$libinit$$00000023  c_w.l(libinit2.o)
    0x0000027a   0x00000000   Code   RO         1765    .ARM.Collect$$libinit$$00000025  c_w.l(libinit2.o)
    0x0000027a   0x00000000   Code   RO         1769    .ARM.Collect$$libinit$$0000002C  c_w.l(libinit2.o)
    0x0000027a   0x00000000   Code   RO         1771    .ARM.Collect$$libinit$$0000002E  c_w.l(libinit2.o)
    0x0000027a   0x00000000   Code   RO         1773    .ARM.Collect$$libinit$$00000030  c_w.l(libinit2.o)
    0x0000027a   0x00000000   Code   RO         1775    .ARM.Collect$$libinit$$00000032  c_w.l(libinit2.o)
    0x0000027a   0x00000002   Code   RO         1776    .ARM.Collect$$libinit$$00000033  c_w.l(libinit2.o)
    0x0000027c   0x00000002   Code   RO         1796    .ARM.Collect$$libshutdown$$00000000  c_w.l(libshutdown.o)
    0x0000027e   0x00000000   Code   RO         1809    .ARM.Collect$$libshutdown$$00000002  c_w.l(libshutdown2.o)
    0x0000027e   0x00000000   Code   RO         1811    .ARM.Collect$$libshutdown$$00000004  c_w.l(libshutdown2.o)
    0x0000027e   0x00000000   Code   RO         1814    .ARM.Collect$$libshutdown$$00000007  c_w.l(libshutdown2.o)
    0x0000027e   0x00000000   Code   RO         1817    .ARM.Collect$$libshutdown$$0000000A  c_w.l(libshutdown2.o)
    0x0000027e   0x00000000   Code   RO         1819    .ARM.Collect$$libshutdown$$0000000C  c_w.l(libshutdown2.o)
    0x0000027e   0x00000000   Code   RO         1822    .ARM.Collect$$libshutdown$$0000000F  c_w.l(libshutdown2.o)
    0x0000027e   0x00000002   Code   RO         1823    .ARM.Collect$$libshutdown$$00000010  c_w.l(libshutdown2.o)
    0x00000280   0x00000000   Code   RO         1701    .ARM.Collect$$rtentry$$00000000  c_w.l(__rtentry.o)
    0x00000280   0x00000000   Code   RO         1703    .ARM.Collect$$rtentry$$00000002  c_w.l(__rtentry2.o)
    0x00000280   0x00000006   Code   RO         1715    .ARM.Collect$$rtentry$$00000004  c_w.l(__rtentry4.o)
    0x00000286   0x00000000   Code   RO         1705    .ARM.Collect$$rtentry$$00000009  c_w.l(__rtentry2.o)
    0x00000286   0x00000004   Code   RO         1706    .ARM.Collect$$rtentry$$0000000A  c_w.l(__rtentry2.o)
    0x0000028a   0x00000000   Code   RO         1708    .ARM.Collect$$rtentry$$0000000C  c_w.l(__rtentry2.o)
    0x0000028a   0x00000008   Code   RO         1709    .ARM.Collect$$rtentry$$0000000D  c_w.l(__rtentry2.o)
    0x00000292   0x00000002   Code   RO         1730    .ARM.Collect$$rtexit$$00000000  c_w.l(rtexit.o)
    0x00000294   0x00000000   Code   RO         1778    .ARM.Collect$$rtexit$$00000002  c_w.l(rtexit2.o)
    0x00000294   0x00000004   Code   RO         1779    .ARM.Collect$$rtexit$$00000003  c_w.l(rtexit2.o)
    0x00000298   0x00000006   Code   RO         1780    .ARM.Collect$$rtexit$$00000004  c_w.l(rtexit2.o)
    0x0000029e   0x00000002   PAD
    0x000002a0   0x0000012c   Code   RO          137  * .text               startup_tm4c129.o
    0x000003cc   0x0000003e   Code   RO         1695    .text               c_w.l(strlen.o)
    0x0000040a   0x00000006   Code   RO         1697    .text               c_w.l(heapauxi.o)
    0x00000410   0x0000004a   Code   RO         1717    .text               c_w.l(sys_stackheap_outer.o)
    0x0000045a   0x00000012   Code   RO         1719    .text               c_w.l(exit.o)
    0x0000046c   0x00000008   Code   RO         1727    .text               c_w.l(libspace.o)
    0x00000474   0x0000000c   Code   RO         1788    .text               c_w.l(sys_exit.o)
    0x00000480   0x00000002   Code   RO         1799    .text               c_w.l(use_no_semi.o)
    0x00000482   0x00000000   Code   RO         1801    .text               c_w.l(indicate_semi.o)
    0x00000482   0x0000000c   Code   RO            1    i.Delay             exp2-1.o
    0x0000048e   0x00000028   Code   RO          198    i.GPIODirModeSet    driverlib.lib(gpio.o)
    0x000004b6   0x00000138   Code   RO          210    i.GPIOPadConfigSet  driverlib.lib(gpio.o)
    0x000005ee   0x00000002   PAD
    0x000005f0   0x00000044   Code   RO          211    i.GPIOPinConfigure  driverlib.lib(gpio.o)
    0x00000634   0x00000006   Code   RO          212    i.GPIOPinRead       driverlib.lib(gpio.o)
    0x0000063a   0x0000001c   Code   RO          221    i.GPIOPinTypeGPIOInput  driverlib.lib(gpio.o)
    0x00000656   0x0000001c   Code   RO          222    i.GPIOPinTypeGPIOOutput  driverlib.lib(gpio.o)
    0x00000672   0x0000001c   Code   RO          225    i.GPIOPinTypeI2C    driverlib.lib(gpio.o)
    0x0000068e   0x0000001c   Code   RO          226    i.GPIOPinTypeI2CSCL  driverlib.lib(gpio.o)
    0x000006aa   0x0000001c   Code   RO          234    i.GPIOPinTypeUART   driverlib.lib(gpio.o)
    0x000006c6   0x00000002   PAD
    0x000006c8   0x00000080   Code   RO            3    i.I2C0_WriteByte    exp2-1.o
    0x00000748   0x0000000c   Code   RO          535    i.I2CMasterBusy     driverlib.lib(i2c.o)
    0x00000754   0x00000004   Code   RO          536    i.I2CMasterControl  driverlib.lib(i2c.o)
    0x00000758   0x00000004   Code   RO          538    i.I2CMasterDataPut  driverlib.lib(i2c.o)
    0x0000075c   0x00000018   Code   RO          541    i.I2CMasterErr      driverlib.lib(i2c.o)
    0x00000774   0x00000054   Code   RO          543    i.I2CMasterInitExpClk  driverlib.lib(i2c.o)
    0x000007c8   0x00000008   Code   RO          553    i.I2CMasterSlaveAddrSet  driverlib.lib(i2c.o)
    0x000007d0   0x00000064   Code   RO          862    i.IntEnable         driverlib.lib(interrupt.o)
    0x00000834   0x00000028   Code   RO          873    i.IntPrioritySet    driverlib.lib(interrupt.o)
    0x0000085c   0x00000078   Code   RO            4    i.S800_GPIO_Init    exp2-1.o
    0x000008d4   0x0000009c   Code   RO            5    i.S800_I2C0_Init    exp2-1.o
    0x00000970   0x00000018   Code   RO            6    i.S800_SYSTICK_Init  exp2-1.o
    0x00000988   0x00000084   Code   RO            7    i.S800_UART_Init    exp2-1.o
    0x00000a0c   0x000002e4   Code   RO          979    i.SysCtlClockFreqSet  driverlib.lib(sysctl.o)
    0x00000cf0   0x00000028   Code   RO         1011    i.SysCtlPeripheralEnable  driverlib.lib(sysctl.o)
    0x00000d18   0x0000002c   Code   RO         1015    i.SysCtlPeripheralReady  driverlib.lib(sysctl.o)
    0x00000d44   0x0000000e   Code   RO         1325    i.SysTickDisable    driverlib.lib(systick.o)
    0x00000d52   0x0000000e   Code   RO         1326    i.SysTickEnable     driverlib.lib(systick.o)
    0x00000d60   0x0000000e   Code   RO         1328    i.SysTickIntEnable  driverlib.lib(systick.o)
    0x00000d6e   0x0000000a   Code   RO         1331    i.SysTickPeriodGet  driverlib.lib(systick.o)
    0x00000d78   0x0000000a   Code   RO         1332    i.SysTickPeriodSet  driverlib.lib(systick.o)
    0x00000d82   0x00000002   PAD
    0x00000d84   0x00000098   Code   RO            8    i.SysTick_Handler   exp2-1.o
    0x00000e1c   0x00000020   Code   RO          145    i.SystemInit        system_tm4c129.o
    0x00000e3c   0x0000019c   Code   RO            9    i.UART0_Handler     exp2-1.o
    0x00000fd8   0x00000010   Code   RO         1395    i.UARTCharGetNonBlocking  driverlib.lib(uart.o)
    0x00000fe8   0x0000000c   Code   RO         1396    i.UARTCharPut       driverlib.lib(uart.o)
    0x00000ff4   0x00000010   Code   RO         1397    i.UARTCharPutNonBlocking  driverlib.lib(uart.o)
    0x00001004   0x0000000a   Code   RO         1398    i.UARTCharsAvail    driverlib.lib(uart.o)
    0x0000100e   0x0000006e   Code   RO         1402    i.UARTConfigSetExpClk  driverlib.lib(uart.o)
    0x0000107c   0x00000004   Code   RO         1415    i.UARTIntClear      driverlib.lib(uart.o)
    0x00001080   0x00000008   Code   RO         1417    i.UARTIntEnable     driverlib.lib(uart.o)
    0x00001088   0x0000000a   Code   RO         1419    i.UARTIntStatus     driverlib.lib(uart.o)
    0x00001092   0x00000002   PAD
    0x00001094   0x0000001c   Code   RO           10    i.UARTStringPut     exp2-1.o
    0x000010b0   0x0000001c   Code   RO           11    i.UARTStringPutNonBlocking  exp2-1.o
    0x000010cc   0x000002f0   Code   RO           12    i.main              exp2-1.o
    0x000013bc   0x0000000a   Code   RO         1786    x$fpl$fpinit        fz_wm.l(fpinit.o)
    0x000013c6   0x00000002   PAD
    0x000013c8   0x00000228   Data   RO          242    .constdata          driverlib.lib(gpio.o)
    0x000015f0   0x0000010c   Data   RO          878    .constdata          driverlib.lib(interrupt.o)
    0x000016fc   0x00000254   Data   RO         1033    .constdata          driverlib.lib(sysctl.o)
    0x00001950   0x00000010   Data   RO           14    .conststring        exp2-1.o
    0x00001960   0x00000020   Data   RO         1854    Region$$Table       anon$$obj.o


    Execution Region ER_RW (Base: 0x20000000, Size: 0x00000044, Max: 0xffffffff, ABSOLUTE)

    Base Addr    Size         Type   Attr      Idx    E Section Name        Object

    0x20000000   0x00000040   Data   RW           15    .data               exp2-1.o
    0x20000040   0x00000004   Data   RW          146    .data               system_tm4c129.o


    Execution Region ER_ZI (Base: 0x20000044, Size: 0x000002b4, Max: 0xffffffff, ABSOLUTE)

    Base Addr    Size         Type   Attr      Idx    E Section Name        Object

    0x20000044   0x00000050   Zero   RW           13    .bss                exp2-1.o
    0x20000094   0x00000060   Zero   RW         1728    .bss                c_w.l(libspace.o)
    0x200000f4   0x00000004   PAD
    0x200000f8   0x00000000   Zero   RW          135    HEAP                startup_tm4c129.o
    0x200000f8   0x00000200   Zero   RW          134    STACK               startup_tm4c129.o


==============================================================================

Image component sizes


      Code (inc. data)   RO Data    RW Data    ZI Data      Debug   Object Name

      1944        222         16         64         80      13073   exp2-1.o
       300         22        512          0        512       6064   startup_tm4c129.o
        32         12          0          4          0        791   system_tm4c129.o

    ----------------------------------------------------------------------
      2276        256        560         68        592      19928   Object Totals
         0          0         32          0          0          0   (incl. Generated)
         0          0          0          0          0          0   (incl. Padding)

    ----------------------------------------------------------------------

      Code (inc. data)   RO Data    RW Data    ZI Data      Debug   Library Member Name

         8          0          0          0          0         68   __main.o
         0          0          0          0          0          0   __rtentry.o
        12          0          0          0          0          0   __rtentry2.o
         6          0          0          0          0          0   __rtentry4.o
        52          8          0          0          0          0   __scatter.o
        26          0          0          0          0          0   __scatter_copy.o
        28          0          0          0          0          0   __scatter_zi.o
        18          0          0          0          0         80   exit.o
         6          0          0          0          0        152   heapauxi.o
         0          0          0          0          0          0   indicate_semi.o
         2          0          0          0          0          0   libinit.o
         6          0          0          0          0          0   libinit2.o
         2          0          0          0          0          0   libshutdown.o
         2          0          0          0          0          0   libshutdown2.o
         8          4          0          0         96         68   libspace.o
         2          0          0          0          0          0   rtexit.o
        10          0          0          0          0          0   rtexit2.o
        62          0          0          0          0         76   strlen.o
        12          4          0          0          0         68   sys_exit.o
        74          0          0          0          0         80   sys_stackheap_outer.o
         2          0          0          0          0         68   use_no_semi.o
       566          8        552          0          0       9299   gpio.o
       136         12          0          0          0       4048   i2c.o
       140         12        268          0          0       2053   interrupt.o
       824         48        596          0          0       4490   sysctl.o
        62          0          0          0          0       2362   systick.o
       186          0          0          0          0       5143   uart.o
        10          0          0          0          0        116   fpinit.o

    ----------------------------------------------------------------------
      2276         96       1416          0        100      28171   Library Totals
        14          0          0          0          4          0   (incl. Padding)

    ----------------------------------------------------------------------

      Code (inc. data)   RO Data    RW Data    ZI Data      Debug   Library Name

       338         16          0          0         96        660   c_w.l
      1914         80       1416          0          0      27395   driverlib.lib
        10          0          0          0          0        116   fz_wm.l

    ----------------------------------------------------------------------
      2276         96       1416          0        100      28171   Library Totals

    ----------------------------------------------------------------------

==============================================================================


      Code (inc. data)   RO Data    RW Data    ZI Data      Debug   

      4552        352       1976         68        692      44191   Grand Totals
      4552        352       1976         68        692      44191   ELF Image Totals
      4552        352       1976         68          0          0   ROM Totals

==============================================================================

    Total RO  Size (Code + RO Data)                 6528 (   6.38kB)
    Total RW  Size (RW Data + ZI Data)               760 (   0.74kB)
    Total ROM Size (Code + RO Data + RW Data)       6596 (   6.44kB)

==============================================================================

